118.87.67.229 - - [31/Aug/2012:20:55:19 -0400] "GET /files/test.jpg" 200 3900 "http://my-website/files/test.jpg" "Mozilla/5.0 (Macintosh; Intel Mac OS X 10.7; rv:15.0) Gecko/20100101 Firefox/15.0"
172.173.141.114 - - [31/Aug/2012:20:55:21 -0400] "GET /files/test.jpg" 200 1711 "http://my-website/files/test.jpg" "Mozilla/5.0 (X11; Linux i686) AppleWebKit/536.11 (KHTML, like Gecko) Chrome/20.0.1132.57 Safari/536.11"
63.48.136.98 - - [31/Aug/2012:20:55:25 -0400] "GET /files/test.jpg" 200 2146 "http://my-website/files/test.jpg" "Mozilla/5.0 (X11; Linux i686) AppleWebKit/536.11 (KHTML, like Gecko) Chrome/20.0.1132.57 Safari/536.11"
83.3.43.42 - - [31/Aug/2012:20:55:29 -0400] "GET /files/test.jpg" 200 143 "http://my-website/files/test.jpg" "Mozilla/5.0 (X11; Linux i686) AppleWebKit/536.11 (KHTML, like Gecko) Chrome/20.0.1132.57 Safari/536.11"
4.21.169.1 - - [31/Aug/2012:20:55:31 -0400] "GET /files/test.jpg" 200 2770 "http://my-website/files/test.jpg" "Mozilla/5.0 (Macintosh; Intel Mac OS X 10.7; rv:15.0) Gecko/20100101 Firefox/15.0"
97.181.10.56 - - [31/Aug/2012:20:55:31 -0400] "GET /files/test.jpg" 200 3463 "http://my-website/files/test.jpg" "Mozilla/5.0 (X11; Linux i686) AppleWebKit/536.11 (KHTML, like Gecko) Chrome/20.0.1132.57 Safari/536.11"
239.17.96.23 - - [31/Aug/2012:20:55:34 -0400] "GET /files/test.jpg" 200 3742 "http://my-website/files/test.jpg" "Mozilla/5.0 (X11; Linux i686) AppleWebKit/536.11 (KHTML, like Gecko) Chrome/20.0.1132.57 Safari/536.11"
50.123.185.243 - - [31/Aug/2012:20:55:36 -0400] "GET /files/test.jpg" 200 42 "http://my-website/files/test.jpg" "Mozilla/5.0 (Macintosh; Intel Mac OS X 10.7; rv:15.0) Gecko/20100101 Firefox/15.0"
51.165.253.116 - - [31/Aug/2012:20:55:39 -0400] "GET /files/test.jpg" 200 2787 "http://my-website/files/test.jpg" "Mozilla/5.0 (X11; Linux i686) AppleWebKit/536.11 (KHTML, like Gecko) Chrome/20.0.1132.57 Safari/536.11"
168.239.68.45 - - [31/Aug/2012:20:55:43 -0400] "GET /files/test.jpg" 200 3739 "http://my-website/files/test.jpg" "Mozilla/5.0 (X11; Linux i686) AppleWebKit/536.11 (KHTML, like Gecko) Chrome/20.0.1132.57 Safari/536.11"
189.65.85.226 - - [31/Aug/2012:20:55:48 -0400] "GET /files/test.jpg" 200 363 "http://my-website/files/test.jpg" "Mozilla/5.0 (Macintosh; Intel Mac OS X 10.7; rv:15.0) Gecko/20100101 Firefox/15.0"
106.30.121.209 - - [31/Aug/2012:20:55:48 -0400] "GET /files/test.jpg" 200 1488 "http://my-website/files/test.jpg" "Mozilla/5.0 (X11; Linux i686) AppleWebKit/536.11 (KHTML, like Gecko) Chrome/20.0.1132.57 Safari/536.11"
125.220.185.38 - - [31/Aug/2012:20:55:49 -0400] "GET /files/test.jpg" 200 2708 "http://my-website/files/test.jpg" "Mozilla/5.0 (X11; Linux i686) AppleWebKit/536.11 (KHTML, like Gecko) Chrome/20.0.1132.57 Safari/536.11"
85.209.81.59 - - [31/Aug/2012:20:55:54 -0400] "GET /files/test.jpg" 200 3166 "http://my-website/files/test.jpg" "Mozilla/5.0 (X11; Linux i686) AppleWebKit/536.11 (KHTML, like Gecko) Chrome/20.0.1132.57 Safari/536.11"
193.235.189.116 - - [31/Aug/2012:20:55:57 -0400] "GET /files/test.jpg" 200 780 "http://my-website/files/test.jpg" "Mozilla/5.0 (Macintosh; Intel Mac OS X 10.7; rv:15.0) Gecko/20100101 Firefox/15.0"
48.99.113.176 - - [31/Aug/2012:20:55:57 -0400] "GET /files/test.jpg" 200 297 "http://my-website/files/test.jpg" "Mozilla/5.0 (X11; Linux i686) AppleWebKit/536.11 (KHTML, like Gecko) Chrome/20.0.1132.57 Safari/536.11"
201.74.181.59 - - [31/Aug/2012:20:55:58 -0400] "GET /files/test.jpg" 200 2508 "http://my-website/files/test.jpg" "Mozilla/5.0 (Macintosh; Intel Mac OS X 10.7; rv:15.0) Gecko/20100101 Firefox/15.0"
56.32.186.35 - - [31/Aug/2012:20:56:00 -0400] "GET /files/test.jpg" 200 2463 "http://my-website/files/test.jpg" "Mozilla/5.0 (Macintosh; Intel Mac OS X 10.7; rv:15.0) Gecko/20100101 Firefox/15.0"
55.113.8.134 - - [31/Aug/2012:20:56:03 -0400] "GET /files/test.jpg" 200 3725 "http://my-website/files/test.jpg" "Mozilla/5.0 (X11; Linux i686) AppleWebKit/536.11 (KHTML, like Gecko) Chrome/20.0.1132.57 Safari/536.11"
90.156.38.5 - - [31/Aug/2012:20:56:07 -0400] "GET /files/test.jpg" 200 2918 "http://my-website/files/test.jpg" "Mozilla/5.0 (X11; Linux i686) AppleWebKit/536.11 (KHTML, like Gecko) Chrome/20.0.1132.57 Safari/536.11"
105.13.23.142 - - [31/Aug/2012:20:56:08 -0400] "GET /files/test.jpg" 200 1544 "http://my-website/files/test.jpg" "Mozilla/5.0 (X11; Linux i686) AppleWebKit/536.11 (KHTML, like Gecko) Chrome/20.0.1132.57 Safari/536.11"
51.196.238.187 - - [31/Aug/2012:20:56:11 -0400] "GET /files/test.jpg" 200 3981 "http://my-website/files/test.jpg" "Mozilla/5.0 (X11; Linux i686) AppleWebKit/536.11 (KHTML, like Gecko) Chrome/20.0.1132.57 Safari/536.11"
22.190.131.153 - - [31/Aug/2012:20:56:12 -0400] "GET /files/test.jpg" 200 2611 "http://my-website/files/test.jpg" "Mozilla/5.0 (X11; Linux i686) AppleWebKit/536.11 (KHTML, like Gecko) Chrome/20.0.1132.57 Safari/536.11"
218.195.14.42 - - [31/Aug/2012:20:56:13 -0400] "GET /files/test.jpg" 200 138 "http://my-website/files/test.jpg" "Mozilla/5.0 (X11; Linux i686) AppleWebKit/536.11 (KHTML, like Gecko) Chrome/20.0.1132.57 Safari/536.11"
84.219.240.186 - - [31/Aug/2012:20:56:18 -0400] "GET /files/test.jpg" 200 1813 "http://my-website/files/test.jpg" "Mozilla/5.0 (X11; Linux i686) AppleWebKit/536.11 (KHTML, like Gecko) Chrome/20.0.1132.57 Safari/536.11"
119.198.97.201 - - [31/Aug/2012:20:56:19 -0400] "GET /files/test.jpg" 200 623 "http://my-website/files/test.jpg" "Mozilla/5.0 (X11; Linux i686) AppleWebKit/536.11 (KHTML, like Gecko) Chrome/20.0.1132.57 Safari/536.11"
129.246.232.193 - - [31/Aug/2012:20:56:19 -0400] "GET /files/test.jpg" 200 450 "http://my-website/files/test.jpg" "Mozilla/5.0 (X11; Linux i686) AppleWebKit/536.11 (KHTML, like Gecko) Chrome/20.0.1132.57 Safari/536.11"
42.250.160.200 - - [31/Aug/2012:20:56:19 -0400] "GET /files/test.jpg" 200 1372 "http://my-website/files/test.jpg" "Mozilla/5.0 (Macintosh; Intel Mac OS X 10.7; rv:15.0) Gecko/20100101 Firefox/15.0"
203.7.215.86 - - [31/Aug/2012:20:56:22 -0400] "GET /files/test.jpg" 200 759 "http://my-website/files/test.jpg" "Mozilla/5.0 (X11; Linux i686) AppleWebKit/536.11 (KHTML, like Gecko) Chrome/20.0.1132.57 Safari/536.11"
145.30.67.231 - - [31/Aug/2012:20:56:23 -0400] "GET /files/test.jpg" 200 795 "http://my-website/files/test.jpg" "Mozilla/5.0 (X11; Linux i686) AppleWebKit/536.11 (KHTML, like Gecko) Chrome/20.0.1132.57 Safari/536.11"
44.86.18.43 - - [31/Aug/2012:20:56:25 -0400] "GET /files/test.jpg" 200 3889 "http://my-website/files/test.jpg" "Mozilla/5.0 (X11; Linux i686) AppleWebKit/536.11 (KHTML, like Gecko) Chrome/20.0.1132.57 Safari/536.11"
105.199.241.247 - - [31/Aug/2012:20:56:27 -0400] "GET /files/test.jpg" 200 2708 "http://my-website/files/test.jpg" "Mozilla/5.0 (Macintosh; Intel Mac OS X 10.7; rv:15.0) Gecko/20100101 Firefox/15.0"
163.136.230.247 - - [31/Aug/2012:20:56:29 -0400] "GET /files/test.jpg" 200 3016 "http://my-website/files/test.jpg" "Mozilla/5.0 (Macintosh; Intel Mac OS X 10.7; rv:15.0) Gecko/20100101 Firefox/15.0"
31.146.207.83 - - [31/Aug/2012:20:56:32 -0400] "GET /files/test.jpg" 200 3082 "http://my-website/files/test.jpg" "Mozilla/5.0 (X11; Linux i686) AppleWebKit/536.11 (KHTML, like Gecko) Chrome/20.0.1132.57 Safari/536.11"
50.129.130.42 - - [31/Aug/2012:20:56:36 -0400] "GET /files/test.jpg" 200 2279 "http://my-website/files/test.jpg" "Mozilla/5.0 (X11; Linux i686) AppleWebKit/536.11 (KHTML, like Gecko) Chrome/20.0.1132.57 Safari/536.11"
55.52.13.250 - - [31/Aug/2012:20:56:38 -0400] "GET /files/test.jpg" 200 2876 "http://my-website/files/test.jpg" "Mozilla/5.0 (X11; Linux i686) AppleWebKit/536.11 (KHTML, like Gecko) Chrome/20.0.1132.57 Safari/536.11"
212.105.0.25 - - [31/Aug/2012:20:56:41 -0400] "GET /files/test.jpg" 200 1539 "http://my-website/files/test.jpg" "Mozilla/5.0 (X11; Linux i686) AppleWebKit/536.11 (KHTML, like Gecko) Chrome/20.0.1132.57 Safari/536.11"
86.3.148.168 - - [31/Aug/2012:20:56:42 -0400] "GET /files/test.jpg" 200 3310 "http://my-website/files/test.jpg" "Mozilla/5.0 (X11; Linux i686) AppleWebKit/536.11 (KHTML, like Gecko) Chrome/20.0.1132.57 Safari/536.11"
15.155.159.251 - - [31/Aug/2012:20:56:46 -0400] "GET /files/test.jpg" 200 2716 "http://my-website/files/test.jpg" "Mozilla/5.0 (X11; Linux i686) AppleWebKit/536.11 (KHTML, like Gecko) Chrome/20.0.1132.57 Safari/536.11"
128.79.136.197 - - [31/Aug/2012:20:56:47 -0400] "GET /files/test.jpg" 200 2313 "http://my-website/files/test.jpg" "Mozilla/5.0 (X11; Linux i686) AppleWebKit/536.11 (KHTML, like Gecko) Chrome/20.0.1132.57 Safari/536.11"
25.250.68.6 - - [31/Aug/2012:20:56:49 -0400] "GET /files/test.jpg" 200 3528 "http://my-website/files/test.jpg" "Mozilla/5.0 (X11; Linux i686) AppleWebKit/536.11 (KHTML, like Gecko) Chrome/20.0.1132.57 Safari/536.11"
189.154.60.209 - - [31/Aug/2012:20:56:53 -0400] "GET /files/test.jpg" 200 1661 "http://my-website/files/test.jpg" "Mozilla/5.0 (X11; Linux i686) AppleWebKit/536.11 (KHTML, like Gecko) Chrome/20.0.1132.57 Safari/536.11"
175.227.185.132 - - [31/Aug/2012:20:56:55 -0400] "GET /files/test.jpg" 200 954 "http://my-website/files/test.jpg" "Mozilla/5.0 (X11; Linux i686) AppleWebKit/536.11 (KHTML, like Gecko) Chrome/20.0.1132.57 Safari/536.11"
203.222.254.195 - - [31/Aug/2012:20:57:00 -0400] "GET /files/test.jpg" 200 1508 "http://my-website/files/test.jpg" "Mozilla/5.0 (X11; Linux i686) AppleWebKit/536.11 (KHTML, like Gecko) Chrome/20.0.1132.57 Safari/536.11"
190.206.12.86 - - [31/Aug/2012:20:57:04 -0400] "GET /files/test.jpg" 200 1568 "http://my-website/files/test.jpg" "Mozilla/5.0 (Macintosh; Intel Mac OS X 10.7; rv:15.0) Gecko/20100101 Firefox/15.0"
192.233.174.189 - - [31/Aug/2012:20:57:09 -0400] "GET /files/test.jpg" 200 2523 "http://my-website/files/test.jpg" "Mozilla/5.0 (X11; Linux i686) AppleWebKit/536.11 (KHTML, like Gecko) Chrome/20.0.1132.57 Safari/536.11"
205.182.84.174 - - [31/Aug/2012:20:57:14 -0400] "GET /files/test.jpg" 200 1131 "http://my-website/files/test.jpg" "Mozilla/5.0 (X11; Linux i686) AppleWebKit/536.11 (KHTML, like Gecko) Chrome/20.0.1132.57 Safari/536.11"
201.30.92.110 - - [31/Aug/2012:20:57:18 -0400] "GET /files/test.jpg" 200 3770 "http://my-website/files/test.jpg" "Mozilla/5.0 (X11; Linux i686) AppleWebKit/536.11 (KHTML, like Gecko) Chrome/20.0.1132.57 Safari/536.11"
229.76.223.174 - - [31/Aug/2012:20:57:20 -0400] "GET /files/test.jpg" 200 3415 "http://my-website/files/test.jpg" "Mozilla/5.0 (X11; Linux i686) AppleWebKit/536.11 (KHTML, like Gecko) Chrome/20.0.1132.57 Safari/536.11"
248.235.161.164 - - [31/Aug/2012:20:57:24 -0400] "GET /files/test.jpg" 200 742 "http://my-website/files/test.jpg" "Mozilla/5.0 (X11; Linux i686) AppleWebKit/536.11 (KHTML, like Gecko) Chrome/20.0.1132.57 Safari/536.11"
4.34.65.79 - - [31/Aug/2012:20:57:27 -0400] "GET /files/test.jpg" 200 2216 "http://my-website/files/test.jpg" "Mozilla/5.0 (X11; Linux i686) AppleWebKit/536.11 (KHTML, like Gecko) Chrome/20.0.1132.57 Safari/536.11"
36.223.69.188 - - [31/Aug/2012:20:57:28 -0400] "GET /files/test.jpg" 200 632 "http://my-website/files/test.jpg" "Mozilla/5.0 (X11; Linux i686) AppleWebKit/536.11 (KHTML, like Gecko) Chrome/20.0.1132.57 Safari/536.11"
213.89.52.192 - - [31/Aug/2012:20:57:28 -0400] "GET /files/test.jpg" 200 2841 "http://my-website/files/test.jpg" "Mozilla/5.0 (X11; Linux i686) AppleWebKit/536.11 (KHTML, like Gecko) Chrome/20.0.1132.57 Safari/536.11"
82.83.229.226 - - [31/Aug/2012:20:57:30 -0400] "GET /files/test.jpg" 200 951 "http://my-website/files/test.jpg" "Mozilla/5.0 (X11; Linux i686) AppleWebKit/536.11 (KHTML, like Gecko) Chrome/20.0.1132.57 Safari/536.11"
80.115.122.144 - - [31/Aug/2012:20:57:33 -0400] "GET /files/test.jpg" 200 2108 "http://my-website/files/test.jpg" "Mozilla/5.0 (X11; Linux i686) AppleWebKit/536.11 (KHTML, like Gecko) Chrome/20.0.1132.57 Safari/536.11"
210.119.239.131 - - [31/Aug/2012:20:57:34 -0400] "GET /files/test.jpg" 200 3019 "http://my-website/files/test.jpg" "Mozilla/5.0 (X11; Linux i686) AppleWebKit/536.11 (KHTML, like Gecko) Chrome/20.0.1132.57 Safari/536.11"
50.134.236.194 - - [31/Aug/2012:20:57:37 -0400] "GET /files/test.jpg" 200 2964 "http://my-website/files/test.jpg" "Mozilla/5.0 (X11; Linux i686) AppleWebKit/536.11 (KHTML, like Gecko) Chrome/20.0.1132.57 Safari/536.11"
115.207.7.188 - - [31/Aug/2012:20:57:39 -0400] "GET /files/test.jpg" 200 1636 "http://my-website/files/test.jpg" "Mozilla/5.0 (X11; Linux i686) AppleWebKit/536.11 (KHTML, like Gecko) Chrome/20.0.1132.57 Safari/536.11"
0.121.227.90 - - [31/Aug/2012:20:57:42 -0400] "GET /files/test.jpg" 200 3309 "http://my-website/files/test.jpg" "Mozilla/5.0 (X11; Linux i686) AppleWebKit/536.11 (KHTML, like Gecko) Chrome/20.0.1132.57 Safari/536.11"
121.60.60.59 - - [31/Aug/2012:20:57:43 -0400] "GET /files/test.jpg" 200 2392 "http://my-website/files/test.jpg" "Mozilla/5.0 (X11; Linux i686) AppleWebKit/536.11 (KHTML, like Gecko) Chrome/20.0.1132.57 Safari/536.11"
34.144.234.231 - - [31/Aug/2012:20:57:48 -0400] "GET /files/test.jpg" 200 487 "http://my-website/files/test.jpg" "Mozilla/5.0 (X11; Linux i686) AppleWebKit/536.11 (KHTML, like Gecko) Chrome/20.0.1132.57 Safari/536.11"
7.2.12.142 - - [31/Aug/2012:20:57:51 -0400] "GET /files/test.jpg" 200 636 "http://my-website/files/test.jpg" "Mozilla/5.0 (X11; Linux i686) AppleWebKit/536.11 (KHTML, like Gecko) Chrome/20.0.1132.57 Safari/536.11"
37.73.66.60 - - [31/Aug/2012:20:57:53 -0400] "GET /files/test.jpg" 200 1078 "http://my-website/files/test.jpg" "Mozilla/5.0 (X11; Linux i686) AppleWebKit/536.11 (KHTML, like Gecko) Chrome/20.0.1132.57 Safari/536.11"
150.141.231.204 - - [31/Aug/2012:20:57:55 -0400] "GET /files/test.jpg" 200 3005 "http://my-website/files/test.jpg" "Mozilla/5.0 (X11; Linux i686) AppleWebKit/536.11 (KHTML, like Gecko) Chrome/20.0.1132.57 Safari/536.11"
183.66.37.127 - - [31/Aug/2012:20:57:58 -0400] "GET /files/test.jpg" 200 265 "http://my-website/files/test.jpg" "Mozilla/5.0 (Macintosh; Intel Mac OS X 10.7; rv:15.0) Gecko/20100101 Firefox/15.0"
199.91.117.51 - - [31/Aug/2012:20:58:02 -0400] "GET /files/test.jpg" 200 3715 "http://my-website/files/test.jpg" "Mozilla/5.0 (Macintosh; Intel Mac OS X 10.7; rv:15.0) Gecko/20100101 Firefox/15.0"
34.212.41.204 - - [31/Aug/2012:20:58:06 -0400] "GET /files/test.jpg" 200 12 "http://my-website/files/test.jpg" "Mozilla/5.0 (X11; Linux i686) AppleWebKit/536.11 (KHTML, like Gecko) Chrome/20.0.1132.57 Safari/536.11"
121.152.36.92 - - [31/Aug/2012:20:58:07 -0400] "GET /files/test.jpg" 200 3474 "http://my-website/files/test.jpg" "Mozilla/5.0 (X11; Linux i686) AppleWebKit/536.11 (KHTML, like Gecko) Chrome/20.0.1132.57 Safari/536.11"
66.12.20.198 - - [31/Aug/2012:20:58:09 -0400] "GET /files/test.jpg" 200 2617 "http://my-website/files/test.jpg" "Mozilla/5.0 (X11; Linux i686) AppleWebKit/536.11 (KHTML, like Gecko) Chrome/20.0.1132.57 Safari/536.11"
117.53.194.187 - - [31/Aug/2012:20:58:11 -0400] "GET /files/test.jpg" 200 2911 "http://my-website/files/test.jpg" "Mozilla/5.0 (Macintosh; Intel Mac OS X 10.7; rv:15.0) Gecko/20100101 Firefox/15.0"
225.155.163.121 - - [31/Aug/2012:20:58:14 -0400] "GET /files/test.jpg" 200 1957 "http://my-website/files/test.jpg" "Mozilla/5.0 (X11; Linux i686) AppleWebKit/536.11 (KHTML, like Gecko) Chrome/20.0.1132.57 Safari/536.11"
78.98.244.48 - - [31/Aug/2012:20:58:16 -0400] "GET /files/test.jpg" 200 2818 "http://my-website/files/test.jpg" "Mozilla/5.0 (Macintosh; Intel Mac OS X 10.7; rv:15.0) Gecko/20100101 Firefox/15.0"
54.196.109.159 - - [31/Aug/2012:20:58:20 -0400] "GET /files/test.jpg" 200 2817 "http://my-website/files/test.jpg" "Mozilla/5.0 (X11; Linux i686) AppleWebKit/536.11 (KHTML, like Gecko) Chrome/20.0.1132.57 Safari/536.11"
26.182.22.167 - - [31/Aug/2012:20:58:25 -0400] "GET /files/test.jpg" 200 310 "http://my-website/files/test.jpg" "Mozilla/5.0 (Macintosh; Intel Mac OS X 10.7; rv:15.0) Gecko/20100101 Firefox/15.0"
202.55.211.65 - - [31/Aug/2012:20:58:27 -0400] "GET /files/test.jpg" 200 1177 "http://my-website/files/test.jpg" "Mozilla/5.0 (Macintosh; Intel Mac OS X 10.7; rv:15.0) Gecko/20100101 Firefox/15.0"
191.200.10.48 - - [31/Aug/2012:20:58:30 -0400] "GET /files/test.jpg" 200 3135 "http://my-website/files/test.jpg" "Mozilla/5.0 (X11; Linux i686) AppleWebKit/536.11 (KHTML, like Gecko) Chrome/20.0.1132.57 Safari/536.11"
233.120.117.172 - - [31/Aug/2012:20:58:30 -0400] "GET /files/test.jpg" 200 3177 "http://my-website/files/test.jpg" "Mozilla/5.0 (Macintosh; Intel Mac OS X 10.7; rv:15.0) Gecko/20100101 Firefox/15.0"
55.107.198.70 - - [31/Aug/2012:20:58:31 -0400] "GET /files/test.jpg" 200 1930 "http://my-website/files/test.jpg" "Mozilla/5.0 (Macintosh; Intel Mac OS X 10.7; rv:15.0) Gecko/20100101 Firefox/15.0"
138.169.219.223 - - [31/Aug/2012:20:58:34 -0400] "GET /files/test.jpg" 200 3703 "http://my-website/files/test.jpg" "Mozilla/5.0 (X11; Linux i686) AppleWebKit/536.11 (KHTML, like Gecko) Chrome/20.0.1132.57 Safari/536.11"
237.120.19.144 - - [31/Aug/2012:20:58:35 -0400] "GET /files/test.jpg" 200 2109 "http://my-website/files/test.jpg" "Mozilla/5.0 (Macintosh; Intel Mac OS X 10.7; rv:15.0) Gecko/20100101 Firefox/15.0"
89.60.111.136 - - [31/Aug/2012:20:58:35 -0400] "GET /files/test.jpg" 200 3140 "http://my-website/files/test.jpg" "Mozilla/5.0 (X11; Linux i686) AppleWebKit/536.11 (KHTML, like Gecko) Chrome/20.0.1132.57 Safari/536.11"
200.171.248.247 - - [31/Aug/2012:20:58:36 -0400] "GET /files/test.jpg" 200 3379 "http://my-website/files/test.jpg" "Mozilla/5.0 (X11; Linux i686) AppleWebKit/536.11 (KHTML, like Gecko) Chrome/20.0.1132.57 Safari/536.11"
55.143.185.78 - - [31/Aug/2012:20:58:41 -0400] "GET /files/test.jpg" 200 787 "http://my-website/files/test.jpg" "Mozilla/5.0 (Macintosh; Intel Mac OS X 10.7; rv:15.0) Gecko/20100101 Firefox/15.0"
195.15.176.169 - - [31/Aug/2012:20:58:43 -0400] "GET /files/test.jpg" 200 1495 "http://my-website/files/test.jpg" "Mozilla/5.0 (X11; Linux i686) AppleWebKit/536.11 (KHTML, like Gecko) Chrome/20.0.1132.57 Safari/536.11"
142.97.221.19 - - [31/Aug/2012:20:58:45 -0400] "GET /files/test.jpg" 200 1822 "http://my-website/files/test.jpg" "Mozilla/5.0 (X11; Linux i686) AppleWebKit/536.11 (KHTML, like Gecko) Chrome/20.0.1132.57 Safari/536.11"
56.26.143.92 - - [31/Aug/2012:20:58:47 -0400] "GET /files/test.jpg" 200 1966 "http://my-website/files/test.jpg" "Mozilla/5.0 (X11; Linux i686) AppleWebKit/536.11 (KHTML, like Gecko) Chrome/20.0.1132.57 Safari/536.11"
126.173.250.181 - - [31/Aug/2012:20:58:48 -0400] "GET /files/test.jpg" 200 3374 "http://my-website/files/test.jpg" "Mozilla/5.0 (X11; Linux i686) AppleWebKit/536.11 (KHTML, like Gecko) Chrome/20.0.1132.57 Safari/536.11"
227.238.131.27 - - [31/Aug/2012:20:58:52 -0400] "GET /files/test.jpg" 200 2765 "http://my-website/files/test.jpg" "Mozilla/5.0 (Macintosh; Intel Mac OS X 10.7; rv:15.0) Gecko/20100101 Firefox/15.0"
138.134.175.26 - - [31/Aug/2012:20:58:53 -0400] "GET /files/test.jpg" 200 403 "http://my-website/files/test.jpg" "Mozilla/5.0 (Macintosh; Intel Mac OS X 10.7; rv:15.0) Gecko/20100101 Firefox/15.0"
172.243.0.199 - - [31/Aug/2012:20:58:54 -0400] "GET /files/test.jpg" 200 2933 "http://my-website/files/test.jpg" "Mozilla/5.0 (Macintosh; Intel Mac OS X 10.7; rv:15.0) Gecko/20100101 Firefox/15.0"
194.129.108.33 - - [31/Aug/2012:20:58:58 -0400] "GET /files/test.jpg" 200 1527 "http://my-website/files/test.jpg" "Mozilla/5.0 (X11; Linux i686) AppleWebKit/536.11 (KHTML, like Gecko) Chrome/20.0.1132.57 Safari/536.11"
192.114.5.170 - - [31/Aug/2012:20:59:00 -0400] "GET /files/test.jpg" 200 2096 "http://my-website/files/test.jpg" "Mozilla/5.0 (X11; Linux i686) AppleWebKit/536.11 (KHTML, like Gecko) Chrome/20.0.1132.57 Safari/536.11"
180.89.133.198 - - [31/Aug/2012:20:59:02 -0400] "GET /files/test.jpg" 200 808 "http://my-website/files/test.jpg" "Mozilla/5.0 (Macintosh; Intel Mac OS X 10.7; rv:15.0) Gecko/20100101 Firefox/15.0"
83.236.234.119 - - [31/Aug/2012:20:59:06 -0400] "GET /files/test.jpg" 200 475 "http://my-website/files/test.jpg" "Mozilla/5.0 (Macintosh; Intel Mac OS X 10.7; rv:15.0) Gecko/20100101 Firefox/15.0"
115.177.22.156 - - [31/Aug/2012:20:59:08 -0400] "GET /files/test.jpg" 200 1712 "http://my-website/files/test.jpg" "Mozilla/5.0 (Macintosh; Intel Mac OS X 10.7; rv:15.0) Gecko/20100101 Firefox/15.0"
140.127.27.134 - - [31/Aug/2012:20:59:13 -0400] "GET /files/test.jpg" 200 1848 "http://my-website/files/test.jpg" "Mozilla/5.0 (X11; Linux i686) AppleWebKit/536.11 (KHTML, like Gecko) Chrome/20.0.1132.57 Safari/536.11"
37.15.158.157 - - [31/Aug/2012:20:59:15 -0400] "GET /files/test.jpg" 200 2080 "http://my-website/files/test.jpg" "Mozilla/5.0 (X11; Linux i686) AppleWebKit/536.11 (KHTML, like Gecko) Chrome/20.0.1132.57 Safari/536.11"
127.201.125.87 - - [31/Aug/2012:20:59:17 -0400] "GET /files/test.jpg" 200 3234 "http://my-website/files/test.jpg" "Mozilla/5.0 (X11; Linux i686) AppleWebKit/536.11 (KHTML, like Gecko) Chrome/20.0.1132.57 Safari/536.11"
247.164.74.142 - - [31/Aug/2012:20:59:20 -0400] "GET /files/test.jpg" 200 3876 "http://my-website/files/test.jpg" "Mozilla/5.0 (X11; Linux i686) AppleWebKit/536.11 (KHTML, like Gecko) Chrome/20.0.1132.57 Safari/536.11"
25.188.162.212 - - [31/Aug/2012:20:59:23 -0400] "GET /files/test.jpg" 200 728 "http://my-website/files/test.jpg" "Mozilla/5.0 (X11; Linux i686) AppleWebKit/536.11 (KHTML, like Gecko) Chrome/20.0.1132.57 Safari/536.11"
109.230.46.251 - - [31/Aug/2012:20:59:26 -0400] "GET /files/test.jpg" 200 893 "http://my-website/files/test.jpg" "Mozilla/5.0 (Macintosh; Intel Mac OS X 10.7; rv:15.0) Gecko/20100101 Firefox/15.0"
212.7.249.111 - - [31/Aug/2012:20:59:31 -0400] "GET /files/test.jpg" 200 2923 "http://my-website/files/test.jpg" "Mozilla/5.0 (X11; Linux i686) AppleWebKit/536.11 (KHTML, like Gecko) Chrome/20.0.1132.57 Safari/536.11"
246.140.133.108 - - [31/Aug/2012:20:59:31 -0400] "GET /files/test.jpg" 200 1238 "http://my-website/files/test.jpg" "Mozilla/5.0 (X11; Linux i686) AppleWebKit/536.11 (KHTML, like Gecko) Chrome/20.0.1132.57 Safari/536.11"
222.212.85.195 - - [31/Aug/2012:20:59:35 -0400] "GET /files/test.jpg" 200 1802 "http://my-website/files/test.jpg" "Mozilla/5.0 (X11; Linux i686) AppleWebKit/536.11 (KHTML, like Gecko) Chrome/20.0.1132.57 Safari/536.11"
148.52.27.88 - - [31/Aug/2012:20:59:39 -0400] "GET /files/test.jpg" 200 3601 "http://my-website/files/test.jpg" "Mozilla/5.0 (Macintosh; Intel Mac OS X 10.7; rv:15.0) Gecko/20100101 Firefox/15.0"
205.50.241.43 - - [31/Aug/2012:20:59:41 -0400] "GET /files/test.jpg" 200 1757 "http://my-website/files/test.jpg" "Mozilla/5.0 (X11; Linux i686) AppleWebKit/536.11 (KHTML, like Gecko) Chrome/20.0.1132.57 Safari/536.11"
226.170.90.39 - - [31/Aug/2012:20:59:46 -0400] "GET /files/test.jpg" 200 2707 "http://my-website/files/test.jpg" "Mozilla/5.0 (Macintosh; Intel Mac OS X 10.7; rv:15.0) Gecko/20100101 Firefox/15.0"
173.147.211.123 - - [31/Aug/2012:20:59:47 -0400] "GET /files/test.jpg" 200 2519 "http://my-website/files/test.jpg" "Mozilla/5.0 (Macintosh; Intel Mac OS X 10.7; rv:15.0) Gecko/20100101 Firefox/15.0"
123.200.111.190 - - [31/Aug/2012:20:59:50 -0400] "GET /files/test.jpg" 200 2260 "http://my-website/files/test.jpg" "Mozilla/5.0 (X11; Linux i686) AppleWebKit/536.11 (KHTML, like Gecko) Chrome/20.0.1132.57 Safari/536.11"
73.193.16.29 - - [31/Aug/2012:20:59:53 -0400] "GET /files/test.jpg" 200 3378 "http://my-website/files/test.jpg" "Mozilla/5.0 (X11; Linux i686) AppleWebKit/536.11 (KHTML, like Gecko) Chrome/20.0.1132.57 Safari/536.11"
247.156.198.224 - - [31/Aug/2012:20:59:54 -0400] "GET /files/test.jpg" 200 2863 "http://my-website/files/test.jpg" "Mozilla/5.0 (X11; Linux i686) AppleWebKit/536.11 (KHTML, like Gecko) Chrome/20.0.1132.57 Safari/536.11"
211.202.173.158 - - [31/Aug/2012:20:59:55 -0400] "GET /files/test.jpg" 200 3933 "http://my-website/files/test.jpg" "Mozilla/5.0 (X11; Linux i686) AppleWebKit/536.11 (KHTML, like Gecko) Chrome/20.0.1132.57 Safari/536.11"
224.196.244.60 - - [31/Aug/2012:21:00:00 -0400] "GET /files/test.jpg" 200 40 "http://my-website/files/test.jpg" "Mozilla/5.0 (X11; Linux i686) AppleWebKit/536.11 (KHTML, like Gecko) Chrome/20.0.1132.57 Safari/536.11"
9.149.117.3 - - [31/Aug/2012:21:00:03 -0400] "GET /files/test.jpg" 200 914 "http://my-website/files/test.jpg" "Mozilla/5.0 (Macintosh; Intel Mac OS X 10.7; rv:15.0) Gecko/20100101 Firefox/15.0"
50.252.138.211 - - [31/Aug/2012:21:00:08 -0400] "GET /files/test.jpg" 200 1408 "http://my-website/files/test.jpg" "Mozilla/5.0 (Macintosh; Intel Mac OS X 10.7; rv:15.0) Gecko/20100101 Firefox/15.0"
178.58.170.79 - - [31/Aug/2012:21:00:09 -0400] "GET /files/test.jpg" 200 1289 "http://my-website/files/test.jpg" "Mozilla/5.0 (X11; Linux i686) AppleWebKit/536.11 (KHTML, like Gecko) Chrome/20.0.1132.57 Safari/536.11"
162.14.202.69 - - [31/Aug/2012:21:00:14 -0400] "GET /files/test.jpg" 200 451 "http://my-website/files/test.jpg" "Mozilla/5.0 (Macintosh; Intel Mac OS X 10.7; rv:15.0) Gecko/20100101 Firefox/15.0"
46.111.9.8 - - [31/Aug/2012:21:00:15 -0400] "GET /files/test.jpg" 200 877 "http://my-website/files/test.jpg" "Mozilla/5.0 (X11; Linux i686) AppleWebKit/536.11 (KHTML, like Gecko) Chrome/20.0.1132.57 Safari/536.11"
217.164.117.123 - - [31/Aug/2012:21:00:19 -0400] "GET /files/test.jpg" 200 3018 "http://my-website/files/test.jpg" "Mozilla/5.0 (Macintosh; Intel Mac OS X 10.7; rv:15.0) Gecko/20100101 Firefox/15.0"
9.10.198.206 - - [31/Aug/2012:21:00:20 -0400] "GET /files/test.jpg" 200 3138 "http://my-website/files/test.jpg" "Mozilla/5.0 (X11; Linux i686) AppleWebKit/536.11 (KHTML, like Gecko) Chrome/20.0.1132.57 Safari/536.11"
29.15.232.60 - - [31/Aug/2012:21:00:21 -0400] "GET /files/test.jpg" 200 3803 "http://my-website/files/test.jpg" "Mozilla/5.0 (X11; Linux i686) AppleWebKit/536.11 (KHTML, like Gecko) Chrome/20.0.1132.57 Safari/536.11"
52.10.77.169 - - [31/Aug/2012:21:00:26 -0400] "GET /files/test.jpg" 200 2549 "http://my-website/files/test.jpg" "Mozilla/5.0 (X11; Linux i686) AppleWebKit/536.11 (KHTML, like Gecko) Chrome/20.0.1132.57 Safari/536.11"
160.74.190.100 - - [31/Aug/2012:21:00:30 -0400] "GET /files/test.jpg" 200 1517 "http://my-website/files/test.jpg" "Mozilla/5.0 (Macintosh; Intel Mac OS X 10.7; rv:15.0) Gecko/20100101 Firefox/15.0"
123.107.144.58 - - [31/Aug/2012:21:00:31 -0400] "GET /files/test.jpg" 200 3171 "http://my-website/files/test.jpg" "Mozilla/5.0 (X11; Linux i686) AppleWebKit/536.11 (KHTML, like Gecko) Chrome/20.0.1132.57 Safari/536.11"
152.116.234.166 - - [31/Aug/2012:21:00:32 -0400] "GET /files/test.jpg" 200 3320 "http://my-website/files/test.jpg" "Mozilla/5.0 (Macintosh; Intel Mac OS X 10.7; rv:15.0) Gecko/20100101 Firefox/15.0"
244.155.126.172 - - [31/Aug/2012:21:00:35 -0400] "GET /files/test.jpg" 200 1542 "http://my-website/files/test.jpg" "Mozilla/5.0 (X11; Linux i686) AppleWebKit/536.11 (KHTML, like Gecko) Chrome/20.0.1132.57 Safari/536.11"
145.102.213.46 - - [31/Aug/2012:21:00:37 -0400] "GET /files/test.jpg" 200 1293 "http://my-website/files/test.jpg" "Mozilla/5.0 (X11; Linux i686) AppleWebKit/536.11 (KHTML, like Gecko) Chrome/20.0.1132.57 Safari/536.11"
19.136.217.251 - - [31/Aug/2012:21:00:37 -0400] "GET /files/test.jpg" 200 1917 "http://my-website/files/test.jpg" "Mozilla/5.0 (X11; Linux i686) AppleWebKit/536.11 (KHTML, like Gecko) Chrome/20.0.1132.57 Safari/536.11"
68.252.139.191 - - [31/Aug/2012:21:00:42 -0400] "GET /files/test.jpg" 200 2339 "http://my-website/files/test.jpg" "Mozilla/5.0 (Macintosh; Intel Mac OS X 10.7; rv:15.0) Gecko/20100101 Firefox/15.0"
164.236.40.11 - - [31/Aug/2012:21:00:47 -0400] "GET /files/test.jpg" 200 3195 "http://my-website/files/test.jpg" "Mozilla/5.0 (X11; Linux i686) AppleWebKit/536.11 (KHTML, like Gecko) Chrome/20.0.1132.57 Safari/536.11"
35.131.65.175 - - [31/Aug/2012:21:00:51 -0400] "GET /files/test.jpg" 200 1874 "http://my-website/files/test.jpg" "Mozilla/5.0 (Macintosh; Intel Mac OS X 10.7; rv:15.0) Gecko/20100101 Firefox/15.0"
191.215.242.233 - - [31/Aug/2012:21:00:54 -0400] "GET /files/test.jpg" 200 505 "http://my-website/files/test.jpg" "Mozilla/5.0 (Macintosh; Intel Mac OS X 10.7; rv:15.0) Gecko/20100101 Firefox/15.0"
40.166.167.107 - - [31/Aug/2012:21:00:58 -0400] "GET /files/test.jpg" 200 3000 "http://my-website/files/test.jpg" "Mozilla/5.0 (X11; Linux i686) AppleWebKit/536.11 (KHTML, like Gecko) Chrome/20.0.1132.57 Safari/536.11"
231.81.103.203 - - [31/Aug/2012:21:01:01 -0400] "GET /files/test.jpg" 200 479 "http://my-website/files/test.jpg" "Mozilla/5.0 (Macintosh; Intel Mac OS X 10.7; rv:15.0) Gecko/20100101 Firefox/15.0"
76.105.129.67 - - [31/Aug/2012:21:01:03 -0400] "GET /files/test.jpg" 200 598 "http://my-website/files/test.jpg" "Mozilla/5.0 (X11; Linux i686) AppleWebKit/536.11 (KHTML, like Gecko) Chrome/20.0.1132.57 Safari/536.11"
22.104.232.50 - - [31/Aug/2012:21:01:07 -0400] "GET /files/test.jpg" 200 1639 "http://my-website/files/test.jpg" "Mozilla/5.0 (Macintosh; Intel Mac OS X 10.7; rv:15.0) Gecko/20100101 Firefox/15.0"
253.194.189.184 - - [31/Aug/2012:21:01:07 -0400] "GET /files/test.jpg" 200 1866 "http://my-website/files/test.jpg" "Mozilla/5.0 (X11; Linux i686) AppleWebKit/536.11 (KHTML, like Gecko) Chrome/20.0.1132.57 Safari/536.11"
95.49.131.35 - - [31/Aug/2012:21:01:12 -0400] "GET /files/test.jpg" 200 98 "http://my-website/files/test.jpg" "Mozilla/5.0 (X11; Linux i686) AppleWebKit/536.11 (KHTML, like Gecko) Chrome/20.0.1132.57 Safari/536.11"
100.203.5.168 - - [31/Aug/2012:21:01:16 -0400] "GET /files/test.jpg" 200 1285 "http://my-website/files/test.jpg" "Mozilla/5.0 (X11; Linux i686) AppleWebKit/536.11 (KHTML, like Gecko) Chrome/20.0.1132.57 Safari/536.11"
218.204.102.138 - - [31/Aug/2012:21:01:18 -0400] "GET /files/test.jpg" 200 1979 "http://my-website/files/test.jpg" "Mozilla/5.0 (Macintosh; Intel Mac OS X 10.7; rv:15.0) Gecko/20100101 Firefox/15.0"
248.188.58.132 - - [31/Aug/2012:21:01:20 -0400] "GET /files/test.jpg" 200 884 "http://my-website/files/test.jpg" "Mozilla/5.0 (X11; Linux i686) AppleWebKit/536.11 (KHTML, like Gecko) Chrome/20.0.1132.57 Safari/536.11"
92.221.162.85 - - [31/Aug/2012:21:01:21 -0400] "GET /files/test.jpg" 200 1430 "http://my-website/files/test.jpg" "Mozilla/5.0 (X11; Linux i686) AppleWebKit/536.11 (KHTML, like Gecko) Chrome/20.0.1132.57 Safari/536.11"
31.109.168.7 - - [31/Aug/2012:21:01:23 -0400] "GET /files/test.jpg" 200 1839 "http://my-website/files/test.jpg" "Mozilla/5.0 (X11; Linux i686) AppleWebKit/536.11 (KHTML, like Gecko) Chrome/20.0.1132.57 Safari/536.11"
12.183.68.69 - - [31/Aug/2012:21:01:23 -0400] "GET /files/test.jpg" 200 1077 "http://my-website/files/test.jpg" "Mozilla/5.0 (X11; Linux i686) AppleWebKit/536.11 (KHTML, like Gecko) Chrome/20.0.1132.57 Safari/536.11"
200.157.8.215 - - [31/Aug/2012:21:01:28 -0400] "GET /files/test.jpg" 200 3109 "http://my-website/files/test.jpg" "Mozilla/5.0 (Macintosh; Intel Mac OS X 10.7; rv:15.0) Gecko/20100101 Firefox/15.0"
138.247.182.58 - - [31/Aug/2012:21:01:32 -0400] "GET /files/test.jpg" 200 2008 "http://my-website/files/test.jpg" "Mozilla/5.0 (X11; Linux i686) AppleWebKit/536.11 (KHTML, like Gecko) Chrome/20.0.1132.57 Safari/536.11"
8.215.72.249 - - [31/Aug/2012:21:01:35 -0400] "GET /files/test.jpg" 200 2707 "http://my-website/files/test.jpg" "Mozilla/5.0 (X11; Linux i686) AppleWebKit/536.11 (KHTML, like Gecko) Chrome/20.0.1132.57 Safari/536.11"
128.108.224.57 - - [31/Aug/2012:21:01:39 -0400] "GET /files/test.jpg" 200 1058 "http://my-website/files/test.jpg" "Mozilla/5.0 (X11; Linux i686) AppleWebKit/536.11 (KHTML, like Gecko) Chrome/20.0.1132.57 Safari/536.11"
127.152.46.34 - - [31/Aug/2012:21:01:43 -0400] "GET /files/test.jpg" 200 3625 "http://my-website/files/test.jpg" "Mozilla/5.0 (X11; Linux i686) AppleWebKit/536.11 (KHTML, like Gecko) Chrome/20.0.1132.57 Safari/536.11"
200.150.234.89 - - [31/Aug/2012:21:01:44 -0400] "GET /files/test.jpg" 200 195 "http://my-website/files/test.jpg" "Mozilla/5.0 (X11; Linux i686) AppleWebKit/536.11 (KHTML, like Gecko) Chrome/20.0.1132.57 Safari/536.11"
56.26.108.179 - - [31/Aug/2012:21:01:47 -0400] "GET /files/test.jpg" 200 3104 "http://my-website/files/test.jpg" "Mozilla/5.0 (X11; Linux i686) AppleWebKit/536.11 (KHTML, like Gecko) Chrome/20.0.1132.57 Safari/536.11"
73.146.207.169 - - [31/Aug/2012:21:01:51 -0400] "GET /files/test.jpg" 200 212 "http://my-website/files/test.jpg" "Mozilla/5.0 (X11; Linux i686) AppleWebKit/536.11 (KHTML, like Gecko) Chrome/20.0.1132.57 Safari/536.11"
17.39.126.102 - - [31/Aug/2012:21:01:52 -0400] "GET /files/test.jpg" 200 3060 "http://my-website/files/test.jpg" "Mozilla/5.0 (Macintosh; Intel Mac OS X 10.7; rv:15.0) Gecko/20100101 Firefox/15.0"
128.230.47.245 - - [31/Aug/2012:21:01:56 -0400] "GET /files/test.jpg" 200 2731 "http://my-website/files/test.jpg" "Mozilla/5.0 (X11; Linux i686) AppleWebKit/536.11 (KHTML, like Gecko) Chrome/20.0.1132.57 Safari/536.11"
53.63.7.160 - - [31/Aug/2012:21:02:00 -0400] "GET /files/test.jpg" 200 942 "http://my-website/files/test.jpg" "Mozilla/5.0 (X11; Linux i686) AppleWebKit/536.11 (KHTML, like Gecko) Chrome/20.0.1132.57 Safari/536.11"
111.24.117.154 - - [31/Aug/2012:21:02:02 -0400] "GET /files/test.jpg" 200 663 "http://my-website/files/test.jpg" "Mozilla/5.0 (Macintosh; Intel Mac OS X 10.7; rv:15.0) Gecko/20100101 Firefox/15.0"
153.140.143.237 - - [31/Aug/2012:21:02:06 -0400] "GET /files/test.jpg" 200 150 "http://my-website/files/test.jpg" "Mozilla/5.0 (X11; Linux i686) AppleWebKit/536.11 (KHTML, like Gecko) Chrome/20.0.1132.57 Safari/536.11"
45.28.176.145 - - [31/Aug/2012:21:02:09 -0400] "GET /files/test.jpg" 200 1823 "http://my-website/files/test.jpg" "Mozilla/5.0 (X11; Linux i686) AppleWebKit/536.11 (KHTML, like Gecko) Chrome/20.0.1132.57 Safari/536.11"
41.82.210.27 - - [31/Aug/2012:21:02:10 -0400] "GET /files/test.jpg" 200 1369 "http://my-website/files/test.jpg" "Mozilla/5.0 (Macintosh; Intel Mac OS X 10.7; rv:15.0) Gecko/20100101 Firefox/15.0"
186.40.153.55 - - [31/Aug/2012:21:02:12 -0400] "GET /files/test.jpg" 200 3298 "http://my-website/files/test.jpg" "Mozilla/5.0 (X11; Linux i686) AppleWebKit/536.11 (KHTML, like Gecko) Chrome/20.0.1132.57 Safari/536.11"
174.181.148.58 - - [31/Aug/2012:21:02:15 -0400] "GET /files/test.jpg" 200 745 "http://my-website/files/test.jpg" "Mozilla/5.0 (X11; Linux i686) AppleWebKit/536.11 (KHTML, like Gecko) Chrome/20.0.1132.57 Safari/536.11"
241.185.77.177 - - [31/Aug/2012:21:02:19 -0400] "GET /files/test.jpg" 200 3453 "http://my-website/files/test.jpg" "Mozilla/5.0 (X11; Linux i686) AppleWebKit/536.11 (KHTML, like Gecko) Chrome/20.0.1132.57 Safari/536.11"
239.61.207.11 - - [31/Aug/2012:21:02:22 -0400] "GET /files/test.jpg" 200 3853 "http://my-website/files/test.jpg" "Mozilla/5.0 (X11; Linux i686) AppleWebKit/536.11 (KHTML, like Gecko) Chrome/20.0.1132.57 Safari/536.11"
152.109.26.51 - - [31/Aug/2012:21:02:25 -0400] "GET /files/test.jpg" 200 120 "http://my-website/files/test.jpg" "Mozilla/5.0 (Macintosh; Intel Mac OS X 10.7; rv:15.0) Gecko/20100101 Firefox/15.0"
80.216.197.31 - - [31/Aug/2012:21:02:28 -0400] "GET /files/test.jpg" 200 1691 "http://my-website/files/test.jpg" "Mozilla/5.0 (X11; Linux i686) AppleWebKit/536.11 (KHTML, like Gecko) Chrome/20.0.1132.57 Safari/536.11"
88.168.96.244 - - [31/Aug/2012:21:02:31 -0400] "GET /files/test.jpg" 200 1565 "http://my-website/files/test.jpg" "Mozilla/5.0 (X11; Linux i686) AppleWebKit/536.11 (KHTML, like Gecko) Chrome/20.0.1132.57 Safari/536.11"
166.194.214.151 - - [31/Aug/2012:21:02:34 -0400] "GET /files/test.jpg" 200 2722 "http://my-website/files/test.jpg" "Mozilla/5.0 (X11; Linux i686) AppleWebKit/536.11 (KHTML, like Gecko) Chrome/20.0.1132.57 Safari/536.11"
88.25.46.100 - - [31/Aug/2012:21:02:36 -0400] "GET /files/test.jpg" 200 3196 "http://my-website/files/test.jpg" "Mozilla/5.0 (Macintosh; Intel Mac OS X 10.7; rv:15.0) Gecko/20100101 Firefox/15.0"
81.77.106.86 - - [31/Aug/2012:21:02:37 -0400] "GET /files/test.jpg" 200 1016 "http://my-website/files/test.jpg" "Mozilla/5.0 (X11; Linux i686) AppleWebKit/536.11 (KHTML, like Gecko) Chrome/20.0.1132.57 Safari/536.11"
170.160.111.183 - - [31/Aug/2012:21:02:40 -0400] "GET /files/test.jpg" 200 1823 "http://my-website/files/test.jpg" "Mozilla/5.0 (X11; Linux i686) AppleWebKit/536.11 (KHTML, like Gecko) Chrome/20.0.1132.57 Safari/536.11"
176.103.104.51 - - [31/Aug/2012:21:02:43 -0400] "GET /files/test.jpg" 200 1092 "http://my-website/files/test.jpg" "Mozilla/5.0 (X11; Linux i686) AppleWebKit/536.11 (KHTML, like Gecko) Chrome/20.0.1132.57 Safari/536.11"
68.109.247.226 - - [31/Aug/2012:21:02:44 -0400] "GET /files/test.jpg" 200 2378 "http://my-website/files/test.jpg" "Mozilla/5.0 (X11; Linux i686) AppleWebKit/536.11 (KHTML, like Gecko) Chrome/20.0.1132.57 Safari/536.11"
69.114.182.246 - - [31/Aug/2012:21:02:45 -0400] "GET /files/test.jpg" 200 2827 "http://my-website/files/test.jpg" "Mozilla/5.0 (X11; Linux i686) AppleWebKit/536.11 (KHTML, like Gecko) Chrome/20.0.1132.57 Safari/536.11"
129.209.144.231 - - [31/Aug/2012:21:02:47 -0400] "GET /files/test.jpg" 200 3588 "http://my-website/files/test.jpg" "Mozilla/5.0 (X11; Linux i686) AppleWebKit/536.11 (KHTML, like Gecko) Chrome/20.0.1132.57 Safari/536.11"
99.25.8.180 - - [31/Aug/2012:21:02:51 -0400] "GET /files/test.jpg" 200 3097 "http://my-website/files/test.jpg" "Mozilla/5.0 (Macintosh; Intel Mac OS X 10.7; rv:15.0) Gecko/20100101 Firefox/15.0"
90.193.67.113 - - [31/Aug/2012:21:02:55 -0400] "GET /files/test.jpg" 200 968 "http://my-website/files/test.jpg" "Mozilla/5.0 (X11; Linux i686) AppleWebKit/536.11 (KHTML, like Gecko) Chrome/20.0.1132.57 Safari/536.11"
75.167.23.154 - - [31/Aug/2012:21:02:56 -0400] "GET /files/test.jpg" 200 2352 "http://my-website/files/test.jpg" "Mozilla/5.0 (Macintosh; Intel Mac OS X 10.7; rv:15.0) Gecko/20100101 Firefox/15.0"
102.213.162.187 - - [31/Aug/2012:21:03:00 -0400] "GET /files/test.jpg" 200 1808 "http://my-website/files/test.jpg" "Mozilla/5.0 (X11; Linux i686) AppleWebKit/536.11 (KHTML, like Gecko) Chrome/20.0.1132.57 Safari/536.11"
209.204.214.62 - - [31/Aug/2012:21:03:04 -0400] "GET /files/test.jpg" 200 2345 "http://my-website/files/test.jpg" "Mozilla/5.0 (X11; Linux i686) AppleWebKit/536.11 (KHTML, like Gecko) Chrome/20.0.1132.57 Safari/536.11"
169.66.195.20 - - [31/Aug/2012:21:03:07 -0400] "GET /files/test.jpg" 200 3488 "http://my-website/files/test.jpg" "Mozilla/5.0 (Macintosh; Intel Mac OS X 10.7; rv:15.0) Gecko/20100101 Firefox/15.0"
70.165.149.26 - - [31/Aug/2012:21:03:10 -0400] "GET /files/test.jpg" 200 1546 "http://my-website/files/test.jpg" "Mozilla/5.0 (X11; Linux i686) AppleWebKit/536.11 (KHTML, like Gecko) Chrome/20.0.1132.57 Safari/536.11"
190.87.152.109 - - [31/Aug/2012:21:03:11 -0400] "GET /files/test.jpg" 200 3469 "http://my-website/files/test.jpg" "Mozilla/5.0 (X11; Linux i686) AppleWebKit/536.11 (KHTML, like Gecko) Chrome/20.0.1132.57 Safari/536.11"
101.118.78.35 - - [31/Aug/2012:21:03:14 -0400] "GET /files/test.jpg" 200 1527 "http://my-website/files/test.jpg" "Mozilla/5.0 (X11; Linux i686) AppleWebKit/536.11 (KHTML, like Gecko) Chrome/20.0.1132.57 Safari/536.11"
151.220.32.249 - - [31/Aug/2012:21:03:16 -0400] "GET /files/test.jpg" 200 2745 "http://my-website/files/test.jpg" "Mozilla/5.0 (Macintosh; Intel Mac OS X 10.7; rv:15.0) Gecko/20100101 Firefox/15.0"
80.196.107.41 - - [31/Aug/2012:21:03:19 -0400] "GET /files/test.jpg" 200 2677 "http://my-website/files/test.jpg" "Mozilla/5.0 (X11; Linux i686) AppleWebKit/536.11 (KHTML, like Gecko) Chrome/20.0.1132.57 Safari/536.11"
69.247.129.48 - - [31/Aug/2012:21:03:21 -0400] "GET /files/test.jpg" 200 2308 "http://my-website/files/test.jpg" "Mozilla/5.0 (X11; Linux i686) AppleWebKit/536.11 (KHTML, like Gecko) Chrome/20.0.1132.57 Safari/536.11"
59.15.55.28 - - [31/Aug/2012:21:03:24 -0400] "GET /files/test.jpg" 200 3092 "http://my-website/files/test.jpg" "Mozilla/5.0 (X11; Linux i686) AppleWebKit/536.11 (KHTML, like Gecko) Chrome/20.0.1132.57 Safari/536.11"
134.35.160.38 - - [31/Aug/2012:21:03:25 -0400] "GET /files/test.jpg" 200 2348 "http://my-website/files/test.jpg" "Mozilla/5.0 (X11; Linux i686) AppleWebKit/536.11 (KHTML, like Gecko) Chrome/20.0.1132.57 Safari/536.11"
140.250.246.77 - - [31/Aug/2012:21:03:30 -0400] "GET /files/test.jpg" 200 324 "http://my-website/files/test.jpg" "Mozilla/5.0 (X11; Linux i686) AppleWebKit/536.11 (KHTML, like Gecko) Chrome/20.0.1132.57 Safari/536.11"
213.102.15.249 - - [31/Aug/2012:21:03:30 -0400] "GET /files/test.jpg" 200 435 "http://my-website/files/test.jpg" "Mozilla/5.0 (Macintosh; Intel Mac OS X 10.7; rv:15.0) Gecko/20100101 Firefox/15.0"
111.136.67.101 - - [31/Aug/2012:21:03:31 -0400] "GET /files/test.jpg" 200 3914 "http://my-website/files/test.jpg" "Mozilla/5.0 (X11; Linux i686) AppleWebKit/536.11 (KHTML, like Gecko) Chrome/20.0.1132.57 Safari/536.11"
174.10.86.139 - - [31/Aug/2012:21:03:31 -0400] "GET /files/test.jpg" 200 3855 "http://my-website/files/test.jpg" "Mozilla/5.0 (X11; Linux i686) AppleWebKit/536.11 (KHTML, like Gecko) Chrome/20.0.1132.57 Safari/536.11"
147.147.168.220 - - [31/Aug/2012:21:03:32 -0400] "GET /files/test.jpg" 200 1197 "http://my-website/files/test.jpg" "Mozilla/5.0 (X11; Linux i686) AppleWebKit/536.11 (KHTML, like Gecko) Chrome/20.0.1132.57 Safari/536.11"
84.164.179.231 - - [31/Aug/2012:21:03:36 -0400] "GET /files/test.jpg" 200 2542 "http://my-website/files/test.jpg" "Mozilla/5.0 (X11; Linux i686) AppleWebKit/536.11 (KHTML, like Gecko) Chrome/20.0.1132.57 Safari/536.11"
220.229.241.168 - - [31/Aug/2012:21:03:40 -0400] "GET /files/test.jpg" 200 3881 "http://my-website/files/test.jpg" "Mozilla/5.0 (Macintosh; Intel Mac OS X 10.7; rv:15.0) Gecko/20100101 Firefox/15.0"
40.218.8.121 - - [31/Aug/2012:21:03:41 -0400] "GET /files/test.jpg" 200 720 "http://my-website/files/test.jpg" "Mozilla/5.0 (X11; Linux i686) AppleWebKit/536.11 (KHTML, like Gecko) Chrome/20.0.1132.57 Safari/536.11"
37.253.145.19 - - [31/Aug/2012:21:03:42 -0400] "GET /files/test.jpg" 200 2214 "http://my-website/files/test.jpg" "Mozilla/5.0 (Macintosh; Intel Mac OS X 10.7; rv:15.0) Gecko/20100101 Firefox/15.0"
225.237.177.71 - - [31/Aug/2012:21:03:46 -0400] "GET /files/test.jpg" 200 1387 "http://my-website/files/test.jpg" "Mozilla/5.0 (Macintosh; Intel Mac OS X 10.7; rv:15.0) Gecko/20100101 Firefox/15.0"
234.216.156.193 - - [31/Aug/2012:21:03:49 -0400] "GET /files/test.jpg" 200 3308 "http://my-website/files/test.jpg" "Mozilla/5.0 (Macintosh; Intel Mac OS X 10.7; rv:15.0) Gecko/20100101 Firefox/15.0"
92.182.64.150 - - [31/Aug/2012:21:03:51 -0400] "GET /files/test.jpg" 200 2216 "http://my-website/files/test.jpg" "Mozilla/5.0 (X11; Linux i686) AppleWebKit/536.11 (KHTML, like Gecko) Chrome/20.0.1132.57 Safari/536.11"
216.40.180.102 - - [31/Aug/2012:21:03:55 -0400] "GET /files/test.jpg" 200 2246 "http://my-website/files/test.jpg" "Mozilla/5.0 (Macintosh; Intel Mac OS X 10.7; rv:15.0) Gecko/20100101 Firefox/15.0"
181.212.158.140 - - [31/Aug/2012:21:03:58 -0400] "GET /files/test.jpg" 200 2194 "http://my-website/files/test.jpg" "Mozilla/5.0 (Macintosh; Intel Mac OS X 10.7; rv:15.0) Gecko/20100101 Firefox/15.0"
114.151.201.202 - - [31/Aug/2012:21:04:03 -0400] "GET /files/test.jpg" 200 1121 "http://my-website/files/test.jpg" "Mozilla/5.0 (X11; Linux i686) AppleWebKit/536.11 (KHTML, like Gecko) Chrome/20.0.1132.57 Safari/536.11"
119.118.65.183 - - [31/Aug/2012:21:04:04 -0400] "GET /files/test.jpg" 200 3502 "http://my-website/files/test.jpg" "Mozilla/5.0 (X11; Linux i686) AppleWebKit/536.11 (KHTML, like Gecko) Chrome/20.0.1132.57 Safari/536.11"
0.70.63.164 - - [31/Aug/2012:21:04:08 -0400] "GET /files/test.jpg" 200 3957 "http://my-website/files/test.jpg" "Mozilla/5.0 (X11; Linux i686) AppleWebKit/536.11 (KHTML, like Gecko) Chrome/20.0.1132.57 Safari/536.11"
80.100.61.200 - - [31/Aug/2012:21:04:13 -0400] "GET /files/test.jpg" 200 2677 "http://my-website/files/test.jpg" "Mozilla/5.0 (X11; Linux i686) AppleWebKit/536.11 (KHTML, like Gecko) Chrome/20.0.1132.57 Safari/536.11"
224.206.60.243 - - [31/Aug/2012:21:04:15 -0400] "GET /files/test.jpg" 200 2711 "http://my-website/files/test.jpg" "Mozilla/5.0 (X11; Linux i686) AppleWebKit/536.11 (KHTML, like Gecko) Chrome/20.0.1132.57 Safari/536.11"
139.228.200.99 - - [31/Aug/2012:21:04:17 -0400] "GET /files/test.jpg" 200 3001 "http://my-website/files/test.jpg" "Mozilla/5.0 (X11; Linux i686) AppleWebKit/536.11 (KHTML, like Gecko) Chrome/20.0.1132.57 Safari/536.11"
229.0.72.139 - - [31/Aug/2012:21:04:20 -0400] "GET /files/test.jpg" 200 3157 "http://my-website/files/test.jpg" "Mozilla/5.0 (Macintosh; Intel Mac OS X 10.7; rv:15.0) Gecko/20100101 Firefox/15.0"
214.121.186.99 - - [31/Aug/2012:21:04:22 -0400] "GET /files/test.jpg" 200 2328 "http://my-website/files/test.jpg" "Mozilla/5.0 (Macintosh; Intel Mac OS X 10.7; rv:15.0) Gecko/20100101 Firefox/15.0"
12.223.67.25 - - [31/Aug/2012:21:04:23 -0400] "GET /files/test.jpg" 200 3392 "http://my-website/files/test.jpg" "Mozilla/5.0 (X11; Linux i686) AppleWebKit/536.11 (KHTML, like Gecko) Chrome/20.0.1132.57 Safari/536.11"
113.131.217.199 - - [31/Aug/2012:21:04:25 -0400] "GET /files/test.jpg" 200 1275 "http://my-website/files/test.jpg" "Mozilla/5.0 (X11; Linux i686) AppleWebKit/536.11 (KHTML, like Gecko) Chrome/20.0.1132.57 Safari/536.11"
41.90.186.215 - - [31/Aug/2012:21:04:25 -0400] "GET /files/test.jpg" 200 100 "http://my-website/files/test.jpg" "Mozilla/5.0 (X11; Linux i686) AppleWebKit/536.11 (KHTML, like Gecko) Chrome/20.0.1132.57 Safari/536.11"
195.150.160.37 - - [31/Aug/2012:21:04:29 -0400] "GET /files/test.jpg" 200 3660 "http://my-website/files/test.jpg" "Mozilla/5.0 (X11; Linux i686) AppleWebKit/536.11 (KHTML, like Gecko) Chrome/20.0.1132.57 Safari/536.11"
119.217.81.31 - - [31/Aug/2012:21:04:33 -0400] "GET /files/test.jpg" 200 2388 "http://my-website/files/test.jpg" "Mozilla/5.0 (X11; Linux i686) AppleWebKit/536.11 (KHTML, like Gecko) Chrome/20.0.1132.57 Safari/536.11"
165.89.252.108 - - [31/Aug/2012:21:04:37 -0400] "GET /files/test.jpg" 200 557 "http://my-website/files/test.jpg" "Mozilla/5.0 (X11; Linux i686) AppleWebKit/536.11 (KHTML, like Gecko) Chrome/20.0.1132.57 Safari/536.11"
222.224.145.9 - - [31/Aug/2012:21:04:41 -0400] "GET /files/test.jpg" 200 136 "http://my-website/files/test.jpg" "Mozilla/5.0 (Macintosh; Intel Mac OS X 10.7; rv:15.0) Gecko/20100101 Firefox/15.0"
79.218.18.224 - - [31/Aug/2012:21:04:42 -0400] "GET /files/test.jpg" 200 1070 "http://my-website/files/test.jpg" "Mozilla/5.0 (X11; Linux i686) AppleWebKit/536.11 (KHTML, like Gecko) Chrome/20.0.1132.57 Safari/536.11"
227.201.223.124 - - [31/Aug/2012:21:04:43 -0400] "GET /files/test.jpg" 200 3260 "http://my-website/files/test.jpg" "Mozilla/5.0 (X11; Linux i686) AppleWebKit/536.11 (KHTML, like Gecko) Chrome/20.0.1132.57 Safari/536.11"
166.133.173.245 - - [31/Aug/2012:21:04:44 -0400] "GET /files/test.jpg" 200 1111 "http://my-website/files/test.jpg" "Mozilla/5.0 (X11; Linux i686) AppleWebKit/536.11 (KHTML, like Gecko) Chrome/20.0.1132.57 Safari/536.11"
171.225.137.87 - - [31/Aug/2012:21:04:46 -0400] "GET /files/test.jpg" 200 143 "http://my-website/files/test.jpg" "Mozilla/5.0 (Macintosh; Intel Mac OS X 10.7; rv:15.0) Gecko/20100101 Firefox/15.0"
58.246.38.66 - - [31/Aug/2012:21:04:48 -0400] "GET /files/test.jpg" 200 2000 "http://my-website/files/test.jpg" "Mozilla/5.0 (Macintosh; Intel Mac OS X 10.7; rv:15.0) Gecko/20100101 Firefox/15.0"
124.92.19.132 - - [31/Aug/2012:21:04:52 -0400] "GET /files/test.jpg" 200 1701 "http://my-website/files/test.jpg" "Mozilla/5.0 (X11; Linux i686) AppleWebKit/536.11 (KHTML, like Gecko) Chrome/20.0.1132.57 Safari/536.11"
149.158.228.175 - - [31/Aug/2012:21:04:52 -0400] "GET /files/test.jpg" 200 3605 "http://my-website/files/test.jpg" "Mozilla/5.0 (X11; Linux i686) AppleWebKit/536.11 (KHTML, like Gecko) Chrome/20.0.1132.57 Safari/536.11"
19.191.213.140 - - [31/Aug/2012:21:04:54 -0400] "GET /files/test.jpg" 200 2167 "http://my-website/files/test.jpg" "Mozilla/5.0 (X11; Linux i686) AppleWebKit/536.11 (KHTML, like Gecko) Chrome/20.0.1132.57 Safari/536.11"
199.53.108.145 - - [31/Aug/2012:21:04:54 -0400] "GET /files/test.jpg" 200 2052 "http://my-website/files/test.jpg" "Mozilla/5.0 (X11; Linux i686) AppleWebKit/536.11 (KHTML, like Gecko) Chrome/20.0.1132.57 Safari/536.11"
248.248.187.85 - - [31/Aug/2012:21:04:57 -0400] "GET /files/test.jpg" 200 2623 "http://my-website/files/test.jpg" "Mozilla/5.0 (Macintosh; Intel Mac OS X 10.7; rv:15.0) Gecko/20100101 Firefox/15.0"
36.248.243.200 - - [31/Aug/2012:21:05:01 -0400] "GET /files/test.jpg" 200 3648 "http://my-website/files/test.jpg" "Mozilla/5.0 (X11; Linux i686) AppleWebKit/536.11 (KHTML, like Gecko) Chrome/20.0.1132.57 Safari/536.11"
158.166.171.200 - - [31/Aug/2012:21:05:04 -0400] "GET /files/test.jpg" 200 686 "http://my-website/files/test.jpg" "Mozilla/5.0 (X11; Linux i686) AppleWebKit/536.11 (KHTML, like Gecko) Chrome/20.0.1132.57 Safari/536.11"
35.238.252.110 - - [31/Aug/2012:21:05:07 -0400] "GET /files/test.jpg" 200 753 "http://my-website/files/test.jpg" "Mozilla/5.0 (X11; Linux i686) AppleWebKit/536.11 (KHTML, like Gecko) Chrome/20.0.1132.57 Safari/536.11"
118.182.152.119 - - [31/Aug/2012:21:05:11 -0400] "GET /files/test.jpg" 200 1452 "http://my-website/files/test.jpg" "Mozilla/5.0 (Macintosh; Intel Mac OS X 10.7; rv:15.0) Gecko/20100101 Firefox/15.0"
4.120.39.105 - - [31/Aug/2012:21:05:12 -0400] "GET /files/test.jpg" 200 1691 "http://my-website/files/test.jpg" "Mozilla/5.0 (X11; Linux i686) AppleWebKit/536.11 (KHTML, like Gecko) Chrome/20.0.1132.57 Safari/536.11"
166.55.132.92 - - [31/Aug/2012:21:05:13 -0400] "GET /files/test.jpg" 200 2918 "http://my-website/files/test.jpg" "Mozilla/5.0 (Macintosh; Intel Mac OS X 10.7; rv:15.0) Gecko/20100101 Firefox/15.0"
133.25.153.214 - - [31/Aug/2012:21:05:17 -0400] "GET /files/test.jpg" 200 1622 "http://my-website/files/test.jpg" "Mozilla/5.0 (X11; Linux i686) AppleWebKit/536.11 (KHTML, like Gecko) Chrome/20.0.1132.57 Safari/536.11"
248.229.252.157 - - [31/Aug/2012:21:05:17 -0400] "GET /files/test.jpg" 200 1559 "http://my-website/files/test.jpg" "Mozilla/5.0 (X11; Linux i686) AppleWebKit/536.11 (KHTML, like Gecko) Chrome/20.0.1132.57 Safari/536.11"
103.130.217.13 - - [31/Aug/2012:21:05:20 -0400] "GET /files/test.jpg" 200 429 "http://my-website/files/test.jpg" "Mozilla/5.0 (Macintosh; Intel Mac OS X 10.7; rv:15.0) Gecko/20100101 Firefox/15.0"
212.229.127.75 - - [31/Aug/2012:21:05:23 -0400] "GET /files/test.jpg" 200 2603 "http://my-website/files/test.jpg" "Mozilla/5.0 (X11; Linux i686) AppleWebKit/536.11 (KHTML, like Gecko) Chrome/20.0.1132.57 Safari/536.11"
190.170.178.5 - - [31/Aug/2012:21:05:27 -0400] "GET /files/test.jpg" 200 1213 "http://my-website/files/test.jpg" "Mozilla/5.0 (X11; Linux i686) AppleWebKit/536.11 (KHTML, like Gecko) Chrome/20.0.1132.57 Safari/536.11"
190.12.65.14 - - [31/Aug/2012:21:05:28 -0400] "GET /files/test.jpg" 200 745 "http://my-website/files/test.jpg" "Mozilla/5.0 (Macintosh; Intel Mac OS X 10.7; rv:15.0) Gecko/20100101 Firefox/15.0"
80.43.247.204 - - [31/Aug/2012:21:05:28 -0400] "GET /files/test.jpg" 200 2912 "http://my-website/files/test.jpg" "Mozilla/5.0 (X11; Linux i686) AppleWebKit/536.11 (KHTML, like Gecko) Chrome/20.0.1132.57 Safari/536.11"
174.28.73.21 - - [31/Aug/2012:21:05:31 -0400] "GET /files/test.jpg" 200 672 "http://my-website/files/test.jpg" "Mozilla/5.0 (X11; Linux i686) AppleWebKit/536.11 (KHTML, like Gecko) Chrome/20.0.1132.57 Safari/536.11"
13.14.114.229 - - [31/Aug/2012:21:05:35 -0400] "GET /files/test.jpg" 200 824 "http://my-website/files/test.jpg" "Mozilla/5.0 (Macintosh; Intel Mac OS X 10.7; rv:15.0) Gecko/20100101 Firefox/15.0"
235.135.155.148 - - [31/Aug/2012:21:05:39 -0400] "GET /files/test.jpg" 200 701 "http://my-website/files/test.jpg" "Mozilla/5.0 (Macintosh; Intel Mac OS X 10.7; rv:15.0) Gecko/20100101 Firefox/15.0"
182.188.31.139 - - [31/Aug/2012:21:05:39 -0400] "GET /files/test.jpg" 200 1507 "http://my-website/files/test.jpg" "Mozilla/5.0 (Macintosh; Intel Mac OS X 10.7; rv:15.0) Gecko/20100101 Firefox/15.0"
190.119.92.219 - - [31/Aug/2012:21:05:41 -0400] "GET /files/test.jpg" 200 3229 "http://my-website/files/test.jpg" "Mozilla/5.0 (X11; Linux i686) AppleWebKit/536.11 (KHTML, like Gecko) Chrome/20.0.1132.57 Safari/536.11"
91.237.14.58 - - [31/Aug/2012:21:05:41 -0400] "GET /files/test.jpg" 200 3517 "http://my-website/files/test.jpg" "Mozilla/5.0 (X11; Linux i686) AppleWebKit/536.11 (KHTML, like Gecko) Chrome/20.0.1132.57 Safari/536.11"
38.58.67.33 - - [31/Aug/2012:21:05:43 -0400] "GET /files/test.jpg" 200 2368 "http://my-website/files/test.jpg" "Mozilla/5.0 (X11; Linux i686) AppleWebKit/536.11 (KHTML, like Gecko) Chrome/20.0.1132.57 Safari/536.11"
190.45.201.33 - - [31/Aug/2012:21:05:45 -0400] "GET /files/test.jpg" 200 904 "http://my-website/files/test.jpg" "Mozilla/5.0 (X11; Linux i686) AppleWebKit/536.11 (KHTML, like Gecko) Chrome/20.0.1132.57 Safari/536.11"
49.147.150.13 - - [31/Aug/2012:21:05:46 -0400] "GET /files/test.jpg" 200 271 "http://my-website/files/test.jpg" "Mozilla/5.0 (Macintosh; Intel Mac OS X 10.7; rv:15.0) Gecko/20100101 Firefox/15.0"
86.242.249.173 - - [31/Aug/2012:21:05:48 -0400] "GET /files/test.jpg" 200 140 "http://my-website/files/test.jpg" "Mozilla/5.0 (Macintosh; Intel Mac OS X 10.7; rv:15.0) Gecko/20100101 Firefox/15.0"
47.244.10.97 - - [31/Aug/2012:21:05:51 -0400] "GET /files/test.jpg" 200 3117 "http://my-website/files/test.jpg" "Mozilla/5.0 (Macintosh; Intel Mac OS X 10.7; rv:15.0) Gecko/20100101 Firefox/15.0"
135.38.66.248 - - [31/Aug/2012:21:05:52 -0400] "GET /files/test.jpg" 200 3321 "http://my-website/files/test.jpg" "Mozilla/5.0 (X11; Linux i686) AppleWebKit/536.11 (KHTML, like Gecko) Chrome/20.0.1132.57 Safari/536.11"
238.68.105.24 - - [31/Aug/2012:21:05:55 -0400] "GET /files/test.jpg" 200 1559 "http://my-website/files/test.jpg" "Mozilla/5.0 (X11; Linux i686) AppleWebKit/536.11 (KHTML, like Gecko) Chrome/20.0.1132.57 Safari/536.11"
236.100.215.106 - - [31/Aug/2012:21:05:58 -0400] "GET /files/test.jpg" 200 1022 "http://my-website/files/test.jpg" "Mozilla/5.0 (Macintosh; Intel Mac OS X 10.7; rv:15.0) Gecko/20100101 Firefox/15.0"
158.124.196.251 - - [31/Aug/2012:21:06:00 -0400] "GET /files/test.jpg" 200 677 "http://my-website/files/test.jpg" "Mozilla/5.0 (X11; Linux i686) AppleWebKit/536.11 (KHTML, like Gecko) Chrome/20.0.1132.57 Safari/536.11"
96.176.76.211 - - [31/Aug/2012:21:06:04 -0400] "GET /files/test.jpg" 200 1097 "http://my-website/files/test.jpg" "Mozilla/5.0 (X11; Linux i686) AppleWebKit/536.11 (KHTML, like Gecko) Chrome/20.0.1132.57 Safari/536.11"
147.65.37.220 - - [31/Aug/2012:21:06:04 -0400] "GET /files/test.jpg" 200 3074 "http://my-website/files/test.jpg" "Mozilla/5.0 (Macintosh; Intel Mac OS X 10.7; rv:15.0) Gecko/20100101 Firefox/15.0"
40.161.39.249 - - [31/Aug/2012:21:06:05 -0400] "GET /files/test.jpg" 200 2996 "http://my-website/files/test.jpg" "Mozilla/5.0 (Macintosh; Intel Mac OS X 10.7; rv:15.0) Gecko/20100101 Firefox/15.0"
52.108.45.62 - - [31/Aug/2012:21:06:05 -0400] "GET /files/test.jpg" 200 1715 "http://my-website/files/test.jpg" "Mozilla/5.0 (X11; Linux i686) AppleWebKit/536.11 (KHTML, like Gecko) Chrome/20.0.1132.57 Safari/536.11"
77.172.178.137 - - [31/Aug/2012:21:06:07 -0400] "GET /files/test.jpg" 200 2828 "http://my-website/files/test.jpg" "Mozilla/5.0 (X11; Linux i686) AppleWebKit/536.11 (KHTML, like Gecko) Chrome/20.0.1132.57 Safari/536.11"
200.136.42.226 - - [31/Aug/2012:21:06:09 -0400] "GET /files/test.jpg" 200 2466 "http://my-website/files/test.jpg" "Mozilla/5.0 (Macintosh; Intel Mac OS X 10.7; rv:15.0) Gecko/20100101 Firefox/15.0"
126.247.16.122 - - [31/Aug/2012:21:06:13 -0400] "GET /files/test.jpg" 200 2447 "http://my-website/files/test.jpg" "Mozilla/5.0 (Macintosh; Intel Mac OS X 10.7; rv:15.0) Gecko/20100101 Firefox/15.0"
117.66.25.92 - - [31/Aug/2012:21:06:17 -0400] "GET /files/test.jpg" 200 2014 "http://my-website/files/test.jpg" "Mozilla/5.0 (X11; Linux i686) AppleWebKit/536.11 (KHTML, like Gecko) Chrome/20.0.1132.57 Safari/536.11"
57.152.54.1 - - [31/Aug/2012:21:06:22 -0400] "GET /files/test.jpg" 200 233 "http://my-website/files/test.jpg" "Mozilla/5.0 (X11; Linux i686) AppleWebKit/536.11 (KHTML, like Gecko) Chrome/20.0.1132.57 Safari/536.11"
231.10.241.126 - - [31/Aug/2012:21:06:27 -0400] "GET /files/test.jpg" 200 2932 "http://my-website/files/test.jpg" "Mozilla/5.0 (X11; Linux i686) AppleWebKit/536.11 (KHTML, like Gecko) Chrome/20.0.1132.57 Safari/536.11"
252.80.222.114 - - [31/Aug/2012:21:06:27 -0400] "GET /files/test.jpg" 200 2037 "http://my-website/files/test.jpg" "Mozilla/5.0 (Macintosh; Intel Mac OS X 10.7; rv:15.0) Gecko/20100101 Firefox/15.0"
139.90.52.161 - - [31/Aug/2012:21:06:29 -0400] "GET /files/test.jpg" 200 2154 "http://my-website/files/test.jpg" "Mozilla/5.0 (X11; Linux i686) AppleWebKit/536.11 (KHTML, like Gecko) Chrome/20.0.1132.57 Safari/536.11"
72.101.138.197 - - [31/Aug/2012:21:06:32 -0400] "GET /files/test.jpg" 200 3909 "http://my-website/files/test.jpg" "Mozilla/5.0 (X11; Linux i686) AppleWebKit/536.11 (KHTML, like Gecko) Chrome/20.0.1132.57 Safari/536.11"
218.108.74.107 - - [31/Aug/2012:21:06:33 -0400] "GET /files/test.jpg" 200 1934 "http://my-website/files/test.jpg" "Mozilla/5.0 (Macintosh; Intel Mac OS X 10.7; rv:15.0) Gecko/20100101 Firefox/15.0"
244.161.0.209 - - [31/Aug/2012:21:06:35 -0400] "GET /files/test.jpg" 200 3781 "http://my-website/files/test.jpg" "Mozilla/5.0 (X11; Linux i686) AppleWebKit/536.11 (KHTML, like Gecko) Chrome/20.0.1132.57 Safari/536.11"
141.181.145.37 - - [31/Aug/2012:21:06:39 -0400] "GET /files/test.jpg" 200 3625 "http://my-website/files/test.jpg" "Mozilla/5.0 (X11; Linux i686) AppleWebKit/536.11 (KHTML, like Gecko) Chrome/20.0.1132.57 Safari/536.11"
20.71.83.228 - - [31/Aug/2012:21:06:39 -0400] "GET /files/test.jpg" 200 1155 "http://my-website/files/test.jpg" "Mozilla/5.0 (Macintosh; Intel Mac OS X 10.7; rv:15.0) Gecko/20100101 Firefox/15.0"
177.224.48.151 - - [31/Aug/2012:21:06:40 -0400] "GET /files/test.jpg" 200 2181 "http://my-website/files/test.jpg" "Mozilla/5.0 (Macintosh; Intel Mac OS X 10.7; rv:15.0) Gecko/20100101 Firefox/15.0"
8.59.141.232 - - [31/Aug/2012:21:06:40 -0400] "GET /files/test.jpg" 200 2166 "http://my-website/files/test.jpg" "Mozilla/5.0 (X11; Linux i686) AppleWebKit/536.11 (KHTML, like Gecko) Chrome/20.0.1132.57 Safari/536.11"
181.193.198.229 - - [31/Aug/2012:21:06:43 -0400] "GET /files/test.jpg" 200 3284 "http://my-website/files/test.jpg" "Mozilla/5.0 (X11; Linux i686) AppleWebKit/536.11 (KHTML, like Gecko) Chrome/20.0.1132.57 Safari/536.11"
207.212.87.2 - - [31/Aug/2012:21:06:47 -0400] "GET /files/test.jpg" 200 2035 "http://my-website/files/test.jpg" "Mozilla/5.0 (X11; Linux i686) AppleWebKit/536.11 (KHTML, like Gecko) Chrome/20.0.1132.57 Safari/536.11"
94.110.27.17 - - [31/Aug/2012:21:06:52 -0400] "GET /files/test.jpg" 200 3307 "http://my-website/files/test.jpg" "Mozilla/5.0 (X11; Linux i686) AppleWebKit/536.11 (KHTML, like Gecko) Chrome/20.0.1132.57 Safari/536.11"
183.66.195.93 - - [31/Aug/2012:21:06:55 -0400] "GET /files/test.jpg" 200 3951 "http://my-website/files/test.jpg" "Mozilla/5.0 (X11; Linux i686) AppleWebKit/536.11 (KHTML, like Gecko) Chrome/20.0.1132.57 Safari/536.11"
41.120.103.95 - - [31/Aug/2012:21:06:56 -0400] "GET /files/test.jpg" 200 1101 "http://my-website/files/test.jpg" "Mozilla/5.0 (Macintosh; Intel Mac OS X 10.7; rv:15.0) Gecko/20100101 Firefox/15.0"
156.205.93.194 - - [31/Aug/2012:21:07:00 -0400] "GET /files/test.jpg" 200 852 "http://my-website/files/test.jpg" "Mozilla/5.0 (X11; Linux i686) AppleWebKit/536.11 (KHTML, like Gecko) Chrome/20.0.1132.57 Safari/536.11"
132.39.183.94 - - [31/Aug/2012:21:07:04 -0400] "GET /files/test.jpg" 200 1645 "http://my-website/files/test.jpg" "Mozilla/5.0 (X11; Linux i686) AppleWebKit/536.11 (KHTML, like Gecko) Chrome/20.0.1132.57 Safari/536.11"
218.6.242.116 - - [31/Aug/2012:21:07:07 -0400] "GET /files/test.jpg" 200 2351 "http://my-website/files/test.jpg" "Mozilla/5.0 (X11; Linux i686) AppleWebKit/536.11 (KHTML, like Gecko) Chrome/20.0.1132.57 Safari/536.11"
70.162.12.249 - - [31/Aug/2012:21:07:08 -0400] "GET /files/test.jpg" 200 1086 "http://my-website/files/test.jpg" "Mozilla/5.0 (Macintosh; Intel Mac OS X 10.7; rv:15.0) Gecko/20100101 Firefox/15.0"
144.103.99.15 - - [31/Aug/2012:21:07:11 -0400] "GET /files/test.jpg" 200 1202 "http://my-website/files/test.jpg" "Mozilla/5.0 (X11; Linux i686) AppleWebKit/536.11 (KHTML, like Gecko) Chrome/20.0.1132.57 Safari/536.11"
96.27.79.174 - - [31/Aug/2012:21:07:13 -0400] "GET /files/test.jpg" 200 2551 "http://my-website/files/test.jpg" "Mozilla/5.0 (X11; Linux i686) AppleWebKit/536.11 (KHTML, like Gecko) Chrome/20.0.1132.57 Safari/536.11"
164.245.180.39 - - [31/Aug/2012:21:07:17 -0400] "GET /files/test.jpg" 200 2262 "http://my-website/files/test.jpg" "Mozilla/5.0 (Macintosh; Intel Mac OS X 10.7; rv:15.0) Gecko/20100101 Firefox/15.0"
186.8.65.241 - - [31/Aug/2012:21:07:19 -0400] "GET /files/test.jpg" 200 2337 "http://my-website/files/test.jpg" "Mozilla/5.0 (X11; Linux i686) AppleWebKit/536.11 (KHTML, like Gecko) Chrome/20.0.1132.57 Safari/536.11"
41.1.31.187 - - [31/Aug/2012:21:07:19 -0400] "GET /files/test.jpg" 200 1784 "http://my-website/files/test.jpg" "Mozilla/5.0 (Macintosh; Intel Mac OS X 10.7; rv:15.0) Gecko/20100101 Firefox/15.0"
25.31.107.164 - - [31/Aug/2012:21:07:22 -0400] "GET /files/test.jpg" 200 2660 "http://my-website/files/test.jpg" "Mozilla/5.0 (X11; Linux i686) AppleWebKit/536.11 (KHTML, like Gecko) Chrome/20.0.1132.57 Safari/536.11"
18.102.141.229 - - [31/Aug/2012:21:07:27 -0400] "GET /files/test.jpg" 200 2194 "http://my-website/files/test.jpg" "Mozilla/5.0 (Macintosh; Intel Mac OS X 10.7; rv:15.0) Gecko/20100101 Firefox/15.0"
190.203.9.136 - - [31/Aug/2012:21:07:31 -0400] "GET /files/test.jpg" 200 2138 "http://my-website/files/test.jpg" "Mozilla/5.0 (X11; Linux i686) AppleWebKit/536.11 (KHTML, like Gecko) Chrome/20.0.1132.57 Safari/536.11"
67.131.13.155 - - [31/Aug/2012:21:07:33 -0400] "GET /files/test.jpg" 200 1133 "http://my-website/files/test.jpg" "Mozilla/5.0 (X11; Linux i686) AppleWebKit/536.11 (KHTML, like Gecko) Chrome/20.0.1132.57 Safari/536.11"
26.150.106.189 - - [31/Aug/2012:21:07:35 -0400] "GET /files/test.jpg" 200 536 "http://my-website/files/test.jpg" "Mozilla/5.0 (Macintosh; Intel Mac OS X 10.7; rv:15.0) Gecko/20100101 Firefox/15.0"
232.109.57.253 - - [31/Aug/2012:21:07:40 -0400] "GET /files/test.jpg" 200 3602 "http://my-website/files/test.jpg" "Mozilla/5.0 (Macintosh; Intel Mac OS X 10.7; rv:15.0) Gecko/20100101 Firefox/15.0"
61.91.205.161 - - [31/Aug/2012:21:07:40 -0400] "GET /files/test.jpg" 200 1999 "http://my-website/files/test.jpg" "Mozilla/5.0 (X11; Linux i686) AppleWebKit/536.11 (KHTML, like Gecko) Chrome/20.0.1132.57 Safari/536.11"
190.237.95.25 - - [31/Aug/2012:21:07:42 -0400] "GET /files/test.jpg" 200 457 "http://my-website/files/test.jpg" "Mozilla/5.0 (Macintosh; Intel Mac OS X 10.7; rv:15.0) Gecko/20100101 Firefox/15.0"
64.239.23.124 - - [31/Aug/2012:21:07:45 -0400] "GET /files/test.jpg" 200 3109 "http://my-website/files/test.jpg" "Mozilla/5.0 (X11; Linux i686) AppleWebKit/536.11 (KHTML, like Gecko) Chrome/20.0.1132.57 Safari/536.11"
172.135.58.2 - - [31/Aug/2012:21:07:47 -0400] "GET /files/test.jpg" 200 3267 "http://my-website/files/test.jpg" "Mozilla/5.0 (X11; Linux i686) AppleWebKit/536.11 (KHTML, like Gecko) Chrome/20.0.1132.57 Safari/536.11"
197.152.224.39 - - [31/Aug/2012:21:07:47 -0400] "GET /files/test.jpg" 200 596 "http://my-website/files/test.jpg" "Mozilla/5.0 (X11; Linux i686) AppleWebKit/536.11 (KHTML, like Gecko) Chrome/20.0.1132.57 Safari/536.11"
102.187.168.194 - - [31/Aug/2012:21:07:49 -0400] "GET /files/test.jpg" 200 737 "http://my-website/files/test.jpg" "Mozilla/5.0 (X11; Linux i686) AppleWebKit/536.11 (KHTML, like Gecko) Chrome/20.0.1132.57 Safari/536.11"
232.121.113.231 - - [31/Aug/2012:21:07:50 -0400] "GET /files/test.jpg" 200 331 "http://my-website/files/test.jpg" "Mozilla/5.0 (X11; Linux i686) AppleWebKit/536.11 (KHTML, like Gecko) Chrome/20.0.1132.57 Safari/536.11"
41.196.138.172 - - [31/Aug/2012:21:07:52 -0400] "GET /files/test.jpg" 200 1410 "http://my-website/files/test.jpg" "Mozilla/5.0 (X11; Linux i686) AppleWebKit/536.11 (KHTML, like Gecko) Chrome/20.0.1132.57 Safari/536.11"
151.45.252.203 - - [31/Aug/2012:21:07:54 -0400] "GET /files/test.jpg" 200 2509 "http://my-website/files/test.jpg" "Mozilla/5.0 (X11; Linux i686) AppleWebKit/536.11 (KHTML, like Gecko) Chrome/20.0.1132.57 Safari/536.11"
211.45.19.128 - - [31/Aug/2012:21:07:55 -0400] "GET /files/test.jpg" 200 3275 "http://my-website/files/test.jpg" "Mozilla/5.0 (X11; Linux i686) AppleWebKit/536.11 (KHTML, like Gecko) Chrome/20.0.1132.57 Safari/536.11"
69.184.73.7 - - [31/Aug/2012:21:08:00 -0400] "GET /files/test.jpg" 200 1479 "http://my-website/files/test.jpg" "Mozilla/5.0 (X11; Linux i686) AppleWebKit/536.11 (KHTML, like Gecko) Chrome/20.0.1132.57 Safari/536.11"
115.183.112.23 - - [31/Aug/2012:21:08:03 -0400] "GET /files/test.jpg" 200 3214 "http://my-website/files/test.jpg" "Mozilla/5.0 (X11; Linux i686) AppleWebKit/536.11 (KHTML, like Gecko) Chrome/20.0.1132.57 Safari/536.11"
24.44.93.6 - - [31/Aug/2012:21:08:04 -0400] "GET /files/test.jpg" 200 686 "http://my-website/files/test.jpg" "Mozilla/5.0 (X11; Linux i686) AppleWebKit/536.11 (KHTML, like Gecko) Chrome/20.0.1132.57 Safari/536.11"
95.163.104.75 - - [31/Aug/2012:21:08:05 -0400] "GET /files/test.jpg" 200 3848 "http://my-website/files/test.jpg" "Mozilla/5.0 (X11; Linux i686) AppleWebKit/536.11 (KHTML, like Gecko) Chrome/20.0.1132.57 Safari/536.11"
114.122.75.105 - - [31/Aug/2012:21:08:06 -0400] "GET /files/test.jpg" 200 3514 "http://my-website/files/test.jpg" "Mozilla/5.0 (X11; Linux i686) AppleWebKit/536.11 (KHTML, like Gecko) Chrome/20.0.1132.57 Safari/536.11"
138.96.213.70 - - [31/Aug/2012:21:08:09 -0400] "GET /files/test.jpg" 200 410 "http://my-website/files/test.jpg" "Mozilla/5.0 (X11; Linux i686) AppleWebKit/536.11 (KHTML, like Gecko) Chrome/20.0.1132.57 Safari/536.11"
136.120.78.104 - - [31/Aug/2012:21:08:11 -0400] "GET /files/test.jpg" 200 3556 "http://my-website/files/test.jpg" "Mozilla/5.0 (Macintosh; Intel Mac OS X 10.7; rv:15.0) Gecko/20100101 Firefox/15.0"
69.150.93.162 - - [31/Aug/2012:21:08:13 -0400] "GET /files/test.jpg" 200 3654 "http://my-website/files/test.jpg" "Mozilla/5.0 (Macintosh; Intel Mac OS X 10.7; rv:15.0) Gecko/20100101 Firefox/15.0"
56.52.163.220 - - [31/Aug/2012:21:08:15 -0400] "GET /files/test.jpg" 200 2927 "http://my-website/files/test.jpg" "Mozilla/5.0 (Macintosh; Intel Mac OS X 10.7; rv:15.0) Gecko/20100101 Firefox/15.0"
247.206.176.94 - - [31/Aug/2012:21:08:20 -0400] "GET /files/test.jpg" 200 619 "http://my-website/files/test.jpg" "Mozilla/5.0 (X11; Linux i686) AppleWebKit/536.11 (KHTML, like Gecko) Chrome/20.0.1132.57 Safari/536.11"
204.143.100.159 - - [31/Aug/2012:21:08:20 -0400] "GET /files/test.jpg" 200 2714 "http://my-website/files/test.jpg" "Mozilla/5.0 (X11; Linux i686) AppleWebKit/536.11 (KHTML, like Gecko) Chrome/20.0.1132.57 Safari/536.11"
166.201.203.31 - - [31/Aug/2012:21:08:20 -0400] "GET /files/test.jpg" 200 1213 "http://my-website/files/test.jpg" "Mozilla/5.0 (Macintosh; Intel Mac OS X 10.7; rv:15.0) Gecko/20100101 Firefox/15.0"
120.112.96.227 - - [31/Aug/2012:21:08:24 -0400] "GET /files/test.jpg" 200 3496 "http://my-website/files/test.jpg" "Mozilla/5.0 (X11; Linux i686) AppleWebKit/536.11 (KHTML, like Gecko) Chrome/20.0.1132.57 Safari/536.11"
14.64.78.1 - - [31/Aug/2012:21:08:26 -0400] "GET /files/test.jpg" 200 1110 "http://my-website/files/test.jpg" "Mozilla/5.0 (Macintosh; Intel Mac OS X 10.7; rv:15.0) Gecko/20100101 Firefox/15.0"
153.167.180.200 - - [31/Aug/2012:21:08:27 -0400] "GET /files/test.jpg" 200 2102 "http://my-website/files/test.jpg" "Mozilla/5.0 (Macintosh; Intel Mac OS X 10.7; rv:15.0) Gecko/20100101 Firefox/15.0"
7.219.212.212 - - [31/Aug/2012:21:08:29 -0400] "GET /files/test.jpg" 200 2397 "http://my-website/files/test.jpg" "Mozilla/5.0 (X11; Linux i686) AppleWebKit/536.11 (KHTML, like Gecko) Chrome/20.0.1132.57 Safari/536.11"
162.110.37.153 - - [31/Aug/2012:21:08:30 -0400] "GET /files/test.jpg" 200 1364 "http://my-website/files/test.jpg" "Mozilla/5.0 (X11; Linux i686) AppleWebKit/536.11 (KHTML, like Gecko) Chrome/20.0.1132.57 Safari/536.11"
177.219.152.173 - - [31/Aug/2012:21:08:30 -0400] "GET /files/test.jpg" 200 642 "http://my-website/files/test.jpg" "Mozilla/5.0 (Macintosh; Intel Mac OS X 10.7; rv:15.0) Gecko/20100101 Firefox/15.0"
91.78.179.228 - - [31/Aug/2012:21:08:32 -0400] "GET /files/test.jpg" 200 2595 "http://my-website/files/test.jpg" "Mozilla/5.0 (X11; Linux i686) AppleWebKit/536.11 (KHTML, like Gecko) Chrome/20.0.1132.57 Safari/536.11"
98.74.28.108 - - [31/Aug/2012:21:08:36 -0400] "GET /files/test.jpg" 200 2762 "http://my-website/files/test.jpg" "Mozilla/5.0 (X11; Linux i686) AppleWebKit/536.11 (KHTML, like Gecko) Chrome/20.0.1132.57 Safari/536.11"
202.28.239.4 - - [31/Aug/2012:21:08:41 -0400] "GET /files/test.jpg" 200 1871 "http://my-website/files/test.jpg" "Mozilla/5.0 (X11; Linux i686) AppleWebKit/536.11 (KHTML, like Gecko) Chrome/20.0.1132.57 Safari/536.11"
200.102.164.31 - - [31/Aug/2012:21:08:41 -0400] "GET /files/test.jpg" 200 75 "http://my-website/files/test.jpg" "Mozilla/5.0 (X11; Linux i686) AppleWebKit/536.11 (KHTML, like Gecko) Chrome/20.0.1132.57 Safari/536.11"
160.240.156.150 - - [31/Aug/2012:21:08:45 -0400] "GET /files/test.jpg" 200 928 "http://my-website/files/test.jpg" "Mozilla/5.0 (X11; Linux i686) AppleWebKit/536.11 (KHTML, like Gecko) Chrome/20.0.1132.57 Safari/536.11"
15.126.143.28 - - [31/Aug/2012:21:08:49 -0400] "GET /files/test.jpg" 200 1346 "http://my-website/files/test.jpg" "Mozilla/5.0 (Macintosh; Intel Mac OS X 10.7; rv:15.0) Gecko/20100101 Firefox/15.0"
31.15.236.12 - - [31/Aug/2012:21:08:54 -0400] "GET /files/test.jpg" 200 3558 "http://my-website/files/test.jpg" "Mozilla/5.0 (X11; Linux i686) AppleWebKit/536.11 (KHTML, like Gecko) Chrome/20.0.1132.57 Safari/536.11"
179.142.31.253 - - [31/Aug/2012:21:08:56 -0400] "GET /files/test.jpg" 200 3411 "http://my-website/files/test.jpg" "Mozilla/5.0 (X11; Linux i686) AppleWebKit/536.11 (KHTML, like Gecko) Chrome/20.0.1132.57 Safari/536.11"
238.247.132.116 - - [31/Aug/2012:21:09:00 -0400] "GET /files/test.jpg" 200 2888 "http://my-website/files/test.jpg" "Mozilla/5.0 (X11; Linux i686) AppleWebKit/536.11 (KHTML, like Gecko) Chrome/20.0.1132.57 Safari/536.11"
250.138.110.246 - - [31/Aug/2012:21:09:05 -0400] "GET /files/test.jpg" 200 2128 "http://my-website/files/test.jpg" "Mozilla/5.0 (Macintosh; Intel Mac OS X 10.7; rv:15.0) Gecko/20100101 Firefox/15.0"
235.71.163.150 - - [31/Aug/2012:21:09:09 -0400] "GET /files/test.jpg" 200 1764 "http://my-website/files/test.jpg" "Mozilla/5.0 (X11; Linux i686) AppleWebKit/536.11 (KHTML, like Gecko) Chrome/20.0.1132.57 Safari/536.11"
119.165.106.109 - - [31/Aug/2012:21:09:13 -0400] "GET /files/test.jpg" 200 3947 "http://my-website/files/test.jpg" "Mozilla/5.0 (Macintosh; Intel Mac OS X 10.7; rv:15.0) Gecko/20100101 Firefox/15.0"
63.102.131.153 - - [31/Aug/2012:21:09:14 -0400] "GET /files/test.jpg" 200 3672 "http://my-website/files/test.jpg" "Mozilla/5.0 (X11; Linux i686) AppleWebKit/536.11 (KHTML, like Gecko) Chrome/20.0.1132.57 Safari/536.11"
247.166.127.43 - - [31/Aug/2012:21:09:14 -0400] "GET /files/test.jpg" 200 285 "http://my-website/files/test.jpg" "Mozilla/5.0 (X11; Linux i686) AppleWebKit/536.11 (KHTML, like Gecko) Chrome/20.0.1132.57 Safari/536.11"
98.172.247.128 - - [31/Aug/2012:21:09:15 -0400] "GET /files/test.jpg" 200 1244 "http://my-website/files/test.jpg" "Mozilla/5.0 (X11; Linux i686) AppleWebKit/536.11 (KHTML, like Gecko) Chrome/20.0.1132.57 Safari/536.11"
119.227.125.62 - - [31/Aug/2012:21:09:20 -0400] "GET /files/test.jpg" 200 1194 "http://my-website/files/test.jpg" "Mozilla/5.0 (X11; Linux i686) AppleWebKit/536.11 (KHTML, like Gecko) Chrome/20.0.1132.57 Safari/536.11"
129.29.129.71 - - [31/Aug/2012:21:09:24 -0400] "GET /files/test.jpg" 200 1360 "http://my-website/files/test.jpg" "Mozilla/5.0 (X11; Linux i686) AppleWebKit/536.11 (KHTML, like Gecko) Chrome/20.0.1132.57 Safari/536.11"
44.144.178.38 - - [31/Aug/2012:21:09:29 -0400] "GET /files/test.jpg" 200 3449 "http://my-website/files/test.jpg" "Mozilla/5.0 (X11; Linux i686) AppleWebKit/536.11 (KHTML, like Gecko) Chrome/20.0.1132.57 Safari/536.11"
213.185.209.112 - - [31/Aug/2012:21:09:29 -0400] "GET /files/test.jpg" 200 213 "http://my-website/files/test.jpg" "Mozilla/5.0 (X11; Linux i686) AppleWebKit/536.11 (KHTML, like Gecko) Chrome/20.0.1132.57 Safari/536.11"
227.140.220.209 - - [31/Aug/2012:21:09:30 -0400] "GET /files/test.jpg" 200 3254 "http://my-website/files/test.jpg" "Mozilla/5.0 (X11; Linux i686) AppleWebKit/536.11 (KHTML, like Gecko) Chrome/20.0.1132.57 Safari/536.11"
248.56.170.181 - - [31/Aug/2012:21:09:31 -0400] "GET /files/test.jpg" 200 2402 "http://my-website/files/test.jpg" "Mozilla/5.0 (X11; Linux i686) AppleWebKit/536.11 (KHTML, like Gecko) Chrome/20.0.1132.57 Safari/536.11"
219.95.147.206 - - [31/Aug/2012:21:09:33 -0400] "GET /files/test.jpg" 200 3122 "http://my-website/files/test.jpg" "Mozilla/5.0 (X11; Linux i686) AppleWebKit/536.11 (KHTML, like Gecko) Chrome/20.0.1132.57 Safari/536.11"
36.183.84.181 - - [31/Aug/2012:21:09:35 -0400] "GET /files/test.jpg" 200 1262 "http://my-website/files/test.jpg" "Mozilla/5.0 (Macintosh; Intel Mac OS X 10.7; rv:15.0) Gecko/20100101 Firefox/15.0"
65.152.59.250 - - [31/Aug/2012:21:09:36 -0400] "GET /files/test.jpg" 200 2321 "http://my-website/files/test.jpg" "Mozilla/5.0 (Macintosh; Intel Mac OS X 10.7; rv:15.0) Gecko/20100101 Firefox/15.0"
65.50.144.106 - - [31/Aug/2012:21:09:39 -0400] "GET /files/test.jpg" 200 3056 "http://my-website/files/test.jpg" "Mozilla/5.0 (X11; Linux i686) AppleWebKit/536.11 (KHTML, like Gecko) Chrome/20.0.1132.57 Safari/536.11"
15.123.73.48 - - [31/Aug/2012:21:09:44 -0400] "GET /files/test.jpg" 200 419 "http://my-website/files/test.jpg" "Mozilla/5.0 (X11; Linux i686) AppleWebKit/536.11 (KHTML, like Gecko) Chrome/20.0.1132.57 Safari/536.11"
112.118.6.194 - - [31/Aug/2012:21:09:47 -0400] "GET /files/test.jpg" 200 1550 "http://my-website/files/test.jpg" "Mozilla/5.0 (X11; Linux i686) AppleWebKit/536.11 (KHTML, like Gecko) Chrome/20.0.1132.57 Safari/536.11"
167.185.151.104 - - [31/Aug/2012:21:09:50 -0400] "GET /files/test.jpg" 200 3966 "http://my-website/files/test.jpg" "Mozilla/5.0 (X11; Linux i686) AppleWebKit/536.11 (KHTML, like Gecko) Chrome/20.0.1132.57 Safari/536.11"
76.164.101.180 - - [31/Aug/2012:21:09:53 -0400] "GET /files/test.jpg" 200 3691 "http://my-website/files/test.jpg" "Mozilla/5.0 (X11; Linux i686) AppleWebKit/536.11 (KHTML, like Gecko) Chrome/20.0.1132.57 Safari/536.11"
231.176.27.79 - - [31/Aug/2012:21:09:56 -0400] "GET /files/test.jpg" 200 3325 "http://my-website/files/test.jpg" "Mozilla/5.0 (X11; Linux i686) AppleWebKit/536.11 (KHTML, like Gecko) Chrome/20.0.1132.57 Safari/536.11"
123.115.81.228 - - [31/Aug/2012:21:09:58 -0400] "GET /files/test.jpg" 200 3699 "http://my-website/files/test.jpg" "Mozilla/5.0 (X11; Linux i686) AppleWebKit/536.11 (KHTML, like Gecko) Chrome/20.0.1132.57 Safari/536.11"
162.209.232.88 - - [31/Aug/2012:21:09:59 -0400] "GET /files/test.jpg" 200 3890 "http://my-website/files/test.jpg" "Mozilla/5.0 (X11; Linux i686) AppleWebKit/536.11 (KHTML, like Gecko) Chrome/20.0.1132.57 Safari/536.11"
186.239.2.45 - - [31/Aug/2012:21:10:00 -0400] "GET /files/test.jpg" 200 1884 "http://my-website/files/test.jpg" "Mozilla/5.0 (X11; Linux i686) AppleWebKit/536.11 (KHTML, like Gecko) Chrome/20.0.1132.57 Safari/536.11"
148.164.156.12 - - [31/Aug/2012:21:10:03 -0400] "GET /files/test.jpg" 200 1616 "http://my-website/files/test.jpg" "Mozilla/5.0 (X11; Linux i686) AppleWebKit/536.11 (KHTML, like Gecko) Chrome/20.0.1132.57 Safari/536.11"
44.205.54.73 - - [31/Aug/2012:21:10:04 -0400] "GET /files/test.jpg" 200 1814 "http://my-website/files/test.jpg" "Mozilla/5.0 (X11; Linux i686) AppleWebKit/536.11 (KHTML, like Gecko) Chrome/20.0.1132.57 Safari/536.11"
203.64.176.180 - - [31/Aug/2012:21:10:07 -0400] "GET /files/test.jpg" 200 2823 "http://my-website/files/test.jpg" "Mozilla/5.0 (X11; Linux i686) AppleWebKit/536.11 (KHTML, like Gecko) Chrome/20.0.1132.57 Safari/536.11"
75.24.123.70 - - [31/Aug/2012:21:10:08 -0400] "GET /files/test.jpg" 200 3217 "http://my-website/files/test.jpg" "Mozilla/5.0 (X11; Linux i686) AppleWebKit/536.11 (KHTML, like Gecko) Chrome/20.0.1132.57 Safari/536.11"
47.26.2.64 - - [31/Aug/2012:21:10:13 -0400] "GET /files/test.jpg" 200 2636 "http://my-website/files/test.jpg" "Mozilla/5.0 (X11; Linux i686) AppleWebKit/536.11 (KHTML, like Gecko) Chrome/20.0.1132.57 Safari/536.11"
28.130.36.121 - - [31/Aug/2012:21:10:13 -0400] "GET /files/test.jpg" 200 2054 "http://my-website/files/test.jpg" "Mozilla/5.0 (X11; Linux i686) AppleWebKit/536.11 (KHTML, like Gecko) Chrome/20.0.1132.57 Safari/536.11"
144.145.254.210 - - [31/Aug/2012:21:10:17 -0400] "GET /files/test.jpg" 200 3217 "http://my-website/files/test.jpg" "Mozilla/5.0 (X11; Linux i686) AppleWebKit/536.11 (KHTML, like Gecko) Chrome/20.0.1132.57 Safari/536.11"
79.153.142.90 - - [31/Aug/2012:21:10:18 -0400] "GET /files/test.jpg" 200 1724 "http://my-website/files/test.jpg" "Mozilla/5.0 (X11; Linux i686) AppleWebKit/536.11 (KHTML, like Gecko) Chrome/20.0.1132.57 Safari/536.11"
9.211.79.131 - - [31/Aug/2012:21:10:20 -0400] "GET /files/test.jpg" 200 93 "http://my-website/files/test.jpg" "Mozilla/5.0 (Macintosh; Intel Mac OS X 10.7; rv:15.0) Gecko/20100101 Firefox/15.0"
66.196.59.220 - - [31/Aug/2012:21:10:21 -0400] "GET /files/test.jpg" 200 2166 "http://my-website/files/test.jpg" "Mozilla/5.0 (X11; Linux i686) AppleWebKit/536.11 (KHTML, like Gecko) Chrome/20.0.1132.57 Safari/536.11"
183.133.192.98 - - [31/Aug/2012:21:10:23 -0400] "GET /files/test.jpg" 200 434 "http://my-website/files/test.jpg" "Mozilla/5.0 (Macintosh; Intel Mac OS X 10.7; rv:15.0) Gecko/20100101 Firefox/15.0"
83.7.39.198 - - [31/Aug/2012:21:10:27 -0400] "GET /files/test.jpg" 200 2873 "http://my-website/files/test.jpg" "Mozilla/5.0 (X11; Linux i686) AppleWebKit/536.11 (KHTML, like Gecko) Chrome/20.0.1132.57 Safari/536.11"
42.239.71.62 - - [31/Aug/2012:21:10:30 -0400] "GET /files/test.jpg" 200 1040 "http://my-website/files/test.jpg" "Mozilla/5.0 (X11; Linux i686) AppleWebKit/536.11 (KHTML, like Gecko) Chrome/20.0.1132.57 Safari/536.11"
254.127.138.225 - - [31/Aug/2012:21:10:31 -0400] "GET /files/test.jpg" 200 3414 "http://my-website/files/test.jpg" "Mozilla/5.0 (X11; Linux i686) AppleWebKit/536.11 (KHTML, like Gecko) Chrome/20.0.1132.57 Safari/536.11"
148.101.107.97 - - [31/Aug/2012:21:10:36 -0400] "GET /files/test.jpg" 200 2073 "http://my-website/files/test.jpg" "Mozilla/5.0 (Macintosh; Intel Mac OS X 10.7; rv:15.0) Gecko/20100101 Firefox/15.0"
122.187.179.237 - - [31/Aug/2012:21:10:37 -0400] "GET /files/test.jpg" 200 3044 "http://my-website/files/test.jpg" "Mozilla/5.0 (X11; Linux i686) AppleWebKit/536.11 (KHTML, like Gecko) Chrome/20.0.1132.57 Safari/536.11"
254.34.103.253 - - [31/Aug/2012:21:10:40 -0400] "GET /files/test.jpg" 200 1232 "http://my-website/files/test.jpg" "Mozilla/5.0 (X11; Linux i686) AppleWebKit/536.11 (KHTML, like Gecko) Chrome/20.0.1132.57 Safari/536.11"
41.67.248.229 - - [31/Aug/2012:21:10:44 -0400] "GET /files/test.jpg" 200 1323 "http://my-website/files/test.jpg" "Mozilla/5.0 (X11; Linux i686) AppleWebKit/536.11 (KHTML, like Gecko) Chrome/20.0.1132.57 Safari/536.11"
4.37.82.22 - - [31/Aug/2012:21:10:45 -0400] "GET /files/test.jpg" 200 2133 "http://my-website/files/test.jpg" "Mozilla/5.0 (X11; Linux i686) AppleWebKit/536.11 (KHTML, like Gecko) Chrome/20.0.1132.57 Safari/536.11"
53.236.45.72 - - [31/Aug/2012:21:10:49 -0400] "GET /files/test.jpg" 200 393 "http://my-website/files/test.jpg" "Mozilla/5.0 (X11; Linux i686) AppleWebKit/536.11 (KHTML, like Gecko) Chrome/20.0.1132.57 Safari/536.11"
124.25.67.39 - - [31/Aug/2012:21:10:52 -0400] "GET /files/test.jpg" 200 5 "http://my-website/files/test.jpg" "Mozilla/5.0 (Macintosh; Intel Mac OS X 10.7; rv:15.0) Gecko/20100101 Firefox/15.0"
241.45.228.254 - - [31/Aug/2012:21:10:54 -0400] "GET /files/test.jpg" 200 2650 "http://my-website/files/test.jpg" "Mozilla/5.0 (X11; Linux i686) AppleWebKit/536.11 (KHTML, like Gecko) Chrome/20.0.1132.57 Safari/536.11"
151.215.68.90 - - [31/Aug/2012:21:10:57 -0400] "GET /files/test.jpg" 200 1668 "http://my-website/files/test.jpg" "Mozilla/5.0 (X11; Linux i686) AppleWebKit/536.11 (KHTML, like Gecko) Chrome/20.0.1132.57 Safari/536.11"
78.217.227.203 - - [31/Aug/2012:21:10:59 -0400] "GET /files/test.jpg" 200 1038 "http://my-website/files/test.jpg" "Mozilla/5.0 (X11; Linux i686) AppleWebKit/536.11 (KHTML, like Gecko) Chrome/20.0.1132.57 Safari/536.11"
64.245.14.126 - - [31/Aug/2012:21:11:01 -0400] "GET /files/test.jpg" 200 2868 "http://my-website/files/test.jpg" "Mozilla/5.0 (Macintosh; Intel Mac OS X 10.7; rv:15.0) Gecko/20100101 Firefox/15.0"
162.157.197.48 - - [31/Aug/2012:21:11:06 -0400] "GET /files/test.jpg" 200 1017 "http://my-website/files/test.jpg" "Mozilla/5.0 (X11; Linux i686) AppleWebKit/536.11 (KHTML, like Gecko) Chrome/20.0.1132.57 Safari/536.11"
154.82.54.206 - - [31/Aug/2012:21:11:07 -0400] "GET /files/test.jpg" 200 605 "http://my-website/files/test.jpg" "Mozilla/5.0 (X11; Linux i686) AppleWebKit/536.11 (KHTML, like Gecko) Chrome/20.0.1132.57 Safari/536.11"
119.3.140.89 - - [31/Aug/2012:21:11:08 -0400] "GET /files/test.jpg" 200 1497 "http://my-website/files/test.jpg" "Mozilla/5.0 (Macintosh; Intel Mac OS X 10.7; rv:15.0) Gecko/20100101 Firefox/15.0"
105.173.54.52 - - [31/Aug/2012:21:11:10 -0400] "GET /files/test.jpg" 200 982 "http://my-website/files/test.jpg" "Mozilla/5.0 (X11; Linux i686) AppleWebKit/536.11 (KHTML, like Gecko) Chrome/20.0.1132.57 Safari/536.11"
152.178.67.190 - - [31/Aug/2012:21:11:12 -0400] "GET /files/test.jpg" 200 624 "http://my-website/files/test.jpg" "Mozilla/5.0 (X11; Linux i686) AppleWebKit/536.11 (KHTML, like Gecko) Chrome/20.0.1132.57 Safari/536.11"
193.38.32.173 - - [31/Aug/2012:21:11:12 -0400] "GET /files/test.jpg" 200 2415 "http://my-website/files/test.jpg" "Mozilla/5.0 (Macintosh; Intel Mac OS X 10.7; rv:15.0) Gecko/20100101 Firefox/15.0"
207.135.24.247 - - [31/Aug/2012:21:11:14 -0400] "GET /files/test.jpg" 200 1274 "http://my-website/files/test.jpg" "Mozilla/5.0 (Macintosh; Intel Mac OS X 10.7; rv:15.0) Gecko/20100101 Firefox/15.0"
50.163.74.74 - - [31/Aug/2012:21:11:16 -0400] "GET /files/test.jpg" 200 1673 "http://my-website/files/test.jpg" "Mozilla/5.0 (X11; Linux i686) AppleWebKit/536.11 (KHTML, like Gecko) Chrome/20.0.1132.57 Safari/536.11"
3.235.140.159 - - [31/Aug/2012:21:11:18 -0400] "GET /files/test.jpg" 200 2455 "http://my-website/files/test.jpg" "Mozilla/5.0 (X11; Linux i686) AppleWebKit/536.11 (KHTML, like Gecko) Chrome/20.0.1132.57 Safari/536.11"
188.58.70.93 - - [31/Aug/2012:21:11:22 -0400] "GET /files/test.jpg" 200 2279 "http://my-website/files/test.jpg" "Mozilla/5.0 (Macintosh; Intel Mac OS X 10.7; rv:15.0) Gecko/20100101 Firefox/15.0"
27.40.73.12 - - [31/Aug/2012:21:11:22 -0400] "GET /files/test.jpg" 200 549 "http://my-website/files/test.jpg" "Mozilla/5.0 (X11; Linux i686) AppleWebKit/536.11 (KHTML, like Gecko) Chrome/20.0.1132.57 Safari/536.11"
136.245.157.152 - - [31/Aug/2012:21:11:22 -0400] "GET /files/test.jpg" 200 1184 "http://my-website/files/test.jpg" "Mozilla/5.0 (X11; Linux i686) AppleWebKit/536.11 (KHTML, like Gecko) Chrome/20.0.1132.57 Safari/536.11"
74.106.246.73 - - [31/Aug/2012:21:11:26 -0400] "GET /files/test.jpg" 200 416 "http://my-website/files/test.jpg" "Mozilla/5.0 (X11; Linux i686) AppleWebKit/536.11 (KHTML, like Gecko) Chrome/20.0.1132.57 Safari/536.11"
251.177.159.247 - - [31/Aug/2012:21:11:28 -0400] "GET /files/test.jpg" 200 2453 "http://my-website/files/test.jpg" "Mozilla/5.0 (X11; Linux i686) AppleWebKit/536.11 (KHTML, like Gecko) Chrome/20.0.1132.57 Safari/536.11"
139.126.46.209 - - [31/Aug/2012:21:11:30 -0400] "GET /files/test.jpg" 200 2861 "http://my-website/files/test.jpg" "Mozilla/5.0 (X11; Linux i686) AppleWebKit/536.11 (KHTML, like Gecko) Chrome/20.0.1132.57 Safari/536.11"
50.44.84.199 - - [31/Aug/2012:21:11:31 -0400] "GET /files/test.jpg" 200 3811 "http://my-website/files/test.jpg" "Mozilla/5.0 (X11; Linux i686) AppleWebKit/536.11 (KHTML, like Gecko) Chrome/20.0.1132.57 Safari/536.11"
21.171.31.70 - - [31/Aug/2012:21:11:32 -0400] "GET /files/test.jpg" 200 3806 "http://my-website/files/test.jpg" "Mozilla/5.0 (X11; Linux i686) AppleWebKit/536.11 (KHTML, like Gecko) Chrome/20.0.1132.57 Safari/536.11"
88.233.16.103 - - [31/Aug/2012:21:11:35 -0400] "GET /files/test.jpg" 200 3480 "http://my-website/files/test.jpg" "Mozilla/5.0 (Macintosh; Intel Mac OS X 10.7; rv:15.0) Gecko/20100101 Firefox/15.0"
106.119.202.196 - - [31/Aug/2012:21:11:38 -0400] "GET /files/test.jpg" 200 3732 "http://my-website/files/test.jpg" "Mozilla/5.0 (X11; Linux i686) AppleWebKit/536.11 (KHTML, like Gecko) Chrome/20.0.1132.57 Safari/536.11"
47.77.215.251 - - [31/Aug/2012:21:11:39 -0400] "GET /files/test.jpg" 200 612 "http://my-website/files/test.jpg" "Mozilla/5.0 (X11; Linux i686) AppleWebKit/536.11 (KHTML, like Gecko) Chrome/20.0.1132.57 Safari/536.11"
98.191.18.96 - - [31/Aug/2012:21:11:39 -0400] "GET /files/test.jpg" 200 3564 "http://my-website/files/test.jpg" "Mozilla/5.0 (Macintosh; Intel Mac OS X 10.7; rv:15.0) Gecko/20100101 Firefox/15.0"
125.181.157.214 - - [31/Aug/2012:21:11:44 -0400] "GET /files/test.jpg" 200 933 "http://my-website/files/test.jpg" "Mozilla/5.0 (X11; Linux i686) AppleWebKit/536.11 (KHTML, like Gecko) Chrome/20.0.1132.57 Safari/536.11"
248.25.175.202 - - [31/Aug/2012:21:11:47 -0400] "GET /files/test.jpg" 200 3133 "http://my-website/files/test.jpg" "Mozilla/5.0 (X11; Linux i686) AppleWebKit/536.11 (KHTML, like Gecko) Chrome/20.0.1132.57 Safari/536.11"
112.155.226.12 - - [31/Aug/2012:21:11:50 -0400] "GET /files/test.jpg" 200 1853 "http://my-website/files/test.jpg" "Mozilla/5.0 (X11; Linux i686) AppleWebKit/536.11 (KHTML, like Gecko) Chrome/20.0.1132.57 Safari/536.11"
42.63.72.87 - - [31/Aug/2012:21:11:51 -0400] "GET /files/test.jpg" 200 697 "http://my-website/files/test.jpg" "Mozilla/5.0 (Macintosh; Intel Mac OS X 10.7; rv:15.0) Gecko/20100101 Firefox/15.0"
55.49.230.124 - - [31/Aug/2012:21:11:55 -0400] "GET /files/test.jpg" 200 2356 "http://my-website/files/test.jpg" "Mozilla/5.0 (X11; Linux i686) AppleWebKit/536.11 (KHTML, like Gecko) Chrome/20.0.1132.57 Safari/536.11"
79.18.87.61 - - [31/Aug/2012:21:11:57 -0400] "GET /files/test.jpg" 200 734 "http://my-website/files/test.jpg" "Mozilla/5.0 (X11; Linux i686) AppleWebKit/536.11 (KHTML, like Gecko) Chrome/20.0.1132.57 Safari/536.11"
21.96.138.121 - - [31/Aug/2012:21:11:58 -0400] "GET /files/test.jpg" 200 2362 "http://my-website/files/test.jpg" "Mozilla/5.0 (X11; Linux i686) AppleWebKit/536.11 (KHTML, like Gecko) Chrome/20.0.1132.57 Safari/536.11"
115.163.103.78 - - [31/Aug/2012:21:12:01 -0400] "GET /files/test.jpg" 200 319 "http://my-website/files/test.jpg" "Mozilla/5.0 (X11; Linux i686) AppleWebKit/536.11 (KHTML, like Gecko) Chrome/20.0.1132.57 Safari/536.11"
3.189.125.30 - - [31/Aug/2012:21:12:02 -0400] "GET /files/test.jpg" 200 77 "http://my-website/files/test.jpg" "Mozilla/5.0 (X11; Linux i686) AppleWebKit/536.11 (KHTML, like Gecko) Chrome/20.0.1132.57 Safari/536.11"
38.195.99.39 - - [31/Aug/2012:21:12:02 -0400] "GET /files/test.jpg" 200 1843 "http://my-website/files/test.jpg" "Mozilla/5.0 (X11; Linux i686) AppleWebKit/536.11 (KHTML, like Gecko) Chrome/20.0.1132.57 Safari/536.11"
188.146.15.152 - - [31/Aug/2012:21:12:06 -0400] "GET /files/test.jpg" 200 3968 "http://my-website/files/test.jpg" "Mozilla/5.0 (X11; Linux i686) AppleWebKit/536.11 (KHTML, like Gecko) Chrome/20.0.1132.57 Safari/536.11"
217.176.27.132 - - [31/Aug/2012:21:12:10 -0400] "GET /files/test.jpg" 200 3727 "http://my-website/files/test.jpg" "Mozilla/5.0 (Macintosh; Intel Mac OS X 10.7; rv:15.0) Gecko/20100101 Firefox/15.0"
143.14.222.189 - - [31/Aug/2012:21:12:12 -0400] "GET /files/test.jpg" 200 564 "http://my-website/files/test.jpg" "Mozilla/5.0 (X11; Linux i686) AppleWebKit/536.11 (KHTML, like Gecko) Chrome/20.0.1132.57 Safari/536.11"
181.150.44.90 - - [31/Aug/2012:21:12:14 -0400] "GET /files/test.jpg" 200 2961 "http://my-website/files/test.jpg" "Mozilla/5.0 (X11; Linux i686) AppleWebKit/536.11 (KHTML, like Gecko) Chrome/20.0.1132.57 Safari/536.11"
173.82.83.129 - - [31/Aug/2012:21:12:17 -0400] "GET /files/test.jpg" 200 190 "http://my-website/files/test.jpg" "Mozilla/5.0 (X11; Linux i686) AppleWebKit/536.11 (KHTML, like Gecko) Chrome/20.0.1132.57 Safari/536.11"
233.13.127.2 - - [31/Aug/2012:21:12:20 -0400] "GET /files/test.jpg" 200 3920 "http://my-website/files/test.jpg" "Mozilla/5.0 (X11; Linux i686) AppleWebKit/536.11 (KHTML, like Gecko) Chrome/20.0.1132.57 Safari/536.11"
11.89.56.84 - - [31/Aug/2012:21:12:21 -0400] "GET /files/test.jpg" 200 3997 "http://my-website/files/test.jpg" "Mozilla/5.0 (Macintosh; Intel Mac OS X 10.7; rv:15.0) Gecko/20100101 Firefox/15.0"
47.227.62.53 - - [31/Aug/2012:21:12:21 -0400] "GET /files/test.jpg" 200 2881 "http://my-website/files/test.jpg" "Mozilla/5.0 (X11; Linux i686) AppleWebKit/536.11 (KHTML, like Gecko) Chrome/20.0.1132.57 Safari/536.11"
207.99.56.204 - - [31/Aug/2012:21:12:23 -0400] "GET /files/test.jpg" 200 1363 "http://my-website/files/test.jpg" "Mozilla/5.0 (X11; Linux i686) AppleWebKit/536.11 (KHTML, like Gecko) Chrome/20.0.1132.57 Safari/536.11"
222.79.234.53 - - [31/Aug/2012:21:12:24 -0400] "GET /files/test.jpg" 200 3001 "http://my-website/files/test.jpg" "Mozilla/5.0 (X11; Linux i686) AppleWebKit/536.11 (KHTML, like Gecko) Chrome/20.0.1132.57 Safari/536.11"
95.13.52.148 - - [31/Aug/2012:21:12:24 -0400] "GET /files/test.jpg" 200 725 "http://my-website/files/test.jpg" "Mozilla/5.0 (X11; Linux i686) AppleWebKit/536.11 (KHTML, like Gecko) Chrome/20.0.1132.57 Safari/536.11"
114.203.165.47 - - [31/Aug/2012:21:12:26 -0400] "GET /files/test.jpg" 200 2248 "http://my-website/files/test.jpg" "Mozilla/5.0 (Macintosh; Intel Mac OS X 10.7; rv:15.0) Gecko/20100101 Firefox/15.0"
194.63.72.50 - - [31/Aug/2012:21:12:28 -0400] "GET /files/test.jpg" 200 3345 "http://my-website/files/test.jpg" "Mozilla/5.0 (Macintosh; Intel Mac OS X 10.7; rv:15.0) Gecko/20100101 Firefox/15.0"
144.9.8.200 - - [31/Aug/2012:21:12:31 -0400] "GET /files/test.jpg" 200 2877 "http://my-website/files/test.jpg" "Mozilla/5.0 (Macintosh; Intel Mac OS X 10.7; rv:15.0) Gecko/20100101 Firefox/15.0"
192.153.120.3 - - [31/Aug/2012:21:12:34 -0400] "GET /files/test.jpg" 200 282 "http://my-website/files/test.jpg" "Mozilla/5.0 (X11; Linux i686) AppleWebKit/536.11 (KHTML, like Gecko) Chrome/20.0.1132.57 Safari/536.11"
249.166.48.140 - - [31/Aug/2012:21:12:35 -0400] "GET /files/test.jpg" 200 3499 "http://my-website/files/test.jpg" "Mozilla/5.0 (X11; Linux i686) AppleWebKit/536.11 (KHTML, like Gecko) Chrome/20.0.1132.57 Safari/536.11"
144.87.113.131 - - [31/Aug/2012:21:12:38 -0400] "GET /files/test.jpg" 200 7 "http://my-website/files/test.jpg" "Mozilla/5.0 (X11; Linux i686) AppleWebKit/536.11 (KHTML, like Gecko) Chrome/20.0.1132.57 Safari/536.11"
169.155.147.27 - - [31/Aug/2012:21:12:39 -0400] "GET /files/test.jpg" 200 1669 "http://my-website/files/test.jpg" "Mozilla/5.0 (Macintosh; Intel Mac OS X 10.7; rv:15.0) Gecko/20100101 Firefox/15.0"
50.57.147.251 - - [31/Aug/2012:21:12:40 -0400] "GET /files/test.jpg" 200 1638 "http://my-website/files/test.jpg" "Mozilla/5.0 (Macintosh; Intel Mac OS X 10.7; rv:15.0) Gecko/20100101 Firefox/15.0"
55.254.7.209 - - [31/Aug/2012:21:12:40 -0400] "GET /files/test.jpg" 200 106 "http://my-website/files/test.jpg" "Mozilla/5.0 (Macintosh; Intel Mac OS X 10.7; rv:15.0) Gecko/20100101 Firefox/15.0"
191.161.180.162 - - [31/Aug/2012:21:12:41 -0400] "GET /files/test.jpg" 200 664 "http://my-website/files/test.jpg" "Mozilla/5.0 (Macintosh; Intel Mac OS X 10.7; rv:15.0) Gecko/20100101 Firefox/15.0"
128.226.59.37 - - [31/Aug/2012:21:12:43 -0400] "GET /files/test.jpg" 200 1277 "http://my-website/files/test.jpg" "Mozilla/5.0 (X11; Linux i686) AppleWebKit/536.11 (KHTML, like Gecko) Chrome/20.0.1132.57 Safari/536.11"
234.197.120.88 - - [31/Aug/2012:21:12:45 -0400] "GET /files/test.jpg" 200 2346 "http://my-website/files/test.jpg" "Mozilla/5.0 (Macintosh; Intel Mac OS X 10.7; rv:15.0) Gecko/20100101 Firefox/15.0"
191.66.67.207 - - [31/Aug/2012:21:12:49 -0400] "GET /files/test.jpg" 200 1055 "http://my-website/files/test.jpg" "Mozilla/5.0 (X11; Linux i686) AppleWebKit/536.11 (KHTML, like Gecko) Chrome/20.0.1132.57 Safari/536.11"
203.148.0.102 - - [31/Aug/2012:21:12:53 -0400] "GET /files/test.jpg" 200 2607 "http://my-website/files/test.jpg" "Mozilla/5.0 (X11; Linux i686) AppleWebKit/536.11 (KHTML, like Gecko) Chrome/20.0.1132.57 Safari/536.11"
16.2.97.180 - - [31/Aug/2012:21:12:53 -0400] "GET /files/test.jpg" 200 491 "http://my-website/files/test.jpg" "Mozilla/5.0 (X11; Linux i686) AppleWebKit/536.11 (KHTML, like Gecko) Chrome/20.0.1132.57 Safari/536.11"
174.254.217.219 - - [31/Aug/2012:21:12:58 -0400] "GET /files/test.jpg" 200 1271 "http://my-website/files/test.jpg" "Mozilla/5.0 (X11; Linux i686) AppleWebKit/536.11 (KHTML, like Gecko) Chrome/20.0.1132.57 Safari/536.11"
18.139.91.105 - - [31/Aug/2012:21:13:03 -0400] "GET /files/test.jpg" 200 1465 "http://my-website/files/test.jpg" "Mozilla/5.0 (X11; Linux i686) AppleWebKit/536.11 (KHTML, like Gecko) Chrome/20.0.1132.57 Safari/536.11"
59.24.174.153 - - [31/Aug/2012:21:13:07 -0400] "GET /files/test.jpg" 200 1940 "http://my-website/files/test.jpg" "Mozilla/5.0 (X11; Linux i686) AppleWebKit/536.11 (KHTML, like Gecko) Chrome/20.0.1132.57 Safari/536.11"
253.213.195.78 - - [31/Aug/2012:21:13:11 -0400] "GET /files/test.jpg" 200 1103 "http://my-website/files/test.jpg" "Mozilla/5.0 (X11; Linux i686) AppleWebKit/536.11 (KHTML, like Gecko) Chrome/20.0.1132.57 Safari/536.11"
134.212.246.153 - - [31/Aug/2012:21:13:15 -0400] "GET /files/test.jpg" 200 2554 "http://my-website/files/test.jpg" "Mozilla/5.0 (X11; Linux i686) AppleWebKit/536.11 (KHTML, like Gecko) Chrome/20.0.1132.57 Safari/536.11"
217.52.152.102 - - [31/Aug/2012:21:13:15 -0400] "GET /files/test.jpg" 200 3279 "http://my-website/files/test.jpg" "Mozilla/5.0 (X11; Linux i686) AppleWebKit/536.11 (KHTML, like Gecko) Chrome/20.0.1132.57 Safari/536.11"
234.37.86.113 - - [31/Aug/2012:21:13:20 -0400] "GET /files/test.jpg" 200 2855 "http://my-website/files/test.jpg" "Mozilla/5.0 (X11; Linux i686) AppleWebKit/536.11 (KHTML, like Gecko) Chrome/20.0.1132.57 Safari/536.11"
174.231.75.33 - - [31/Aug/2012:21:13:21 -0400] "GET /files/test.jpg" 200 3412 "http://my-website/files/test.jpg" "Mozilla/5.0 (X11; Linux i686) AppleWebKit/536.11 (KHTML, like Gecko) Chrome/20.0.1132.57 Safari/536.11"
135.154.171.240 - - [31/Aug/2012:21:13:25 -0400] "GET /files/test.jpg" 200 1509 "http://my-website/files/test.jpg" "Mozilla/5.0 (X11; Linux i686) AppleWebKit/536.11 (KHTML, like Gecko) Chrome/20.0.1132.57 Safari/536.11"
233.31.232.247 - - [31/Aug/2012:21:13:26 -0400] "GET /files/test.jpg" 200 2950 "http://my-website/files/test.jpg" "Mozilla/5.0 (Macintosh; Intel Mac OS X 10.7; rv:15.0) Gecko/20100101 Firefox/15.0"
55.11.227.61 - - [31/Aug/2012:21:13:26 -0400] "GET /files/test.jpg" 200 2550 "http://my-website/files/test.jpg" "Mozilla/5.0 (X11; Linux i686) AppleWebKit/536.11 (KHTML, like Gecko) Chrome/20.0.1132.57 Safari/536.11"
188.211.146.201 - - [31/Aug/2012:21:13:27 -0400] "GET /files/test.jpg" 200 567 "http://my-website/files/test.jpg" "Mozilla/5.0 (X11; Linux i686) AppleWebKit/536.11 (KHTML, like Gecko) Chrome/20.0.1132.57 Safari/536.11"
107.45.218.227 - - [31/Aug/2012:21:13:31 -0400] "GET /files/test.jpg" 200 2096 "http://my-website/files/test.jpg" "Mozilla/5.0 (X11; Linux i686) AppleWebKit/536.11 (KHTML, like Gecko) Chrome/20.0.1132.57 Safari/536.11"
93.221.187.191 - - [31/Aug/2012:21:13:36 -0400] "GET /files/test.jpg" 200 41 "http://my-website/files/test.jpg" "Mozilla/5.0 (X11; Linux i686) AppleWebKit/536.11 (KHTML, like Gecko) Chrome/20.0.1132.57 Safari/536.11"
31.155.34.36 - - [31/Aug/2012:21:13:36 -0400] "GET /files/test.jpg" 200 1940 "http://my-website/files/test.jpg" "Mozilla/5.0 (X11; Linux i686) AppleWebKit/536.11 (KHTML, like Gecko) Chrome/20.0.1132.57 Safari/536.11"
113.137.206.227 - - [31/Aug/2012:21:13:40 -0400] "GET /files/test.jpg" 200 2155 "http://my-website/files/test.jpg" "Mozilla/5.0 (Macintosh; Intel Mac OS X 10.7; rv:15.0) Gecko/20100101 Firefox/15.0"
70.129.128.204 - - [31/Aug/2012:21:13:43 -0400] "GET /files/test.jpg" 200 668 "http://my-website/files/test.jpg" "Mozilla/5.0 (Macintosh; Intel Mac OS X 10.7; rv:15.0) Gecko/20100101 Firefox/15.0"
147.33.198.117 - - [31/Aug/2012:21:13:45 -0400] "GET /files/test.jpg" 200 1659 "http://my-website/files/test.jpg" "Mozilla/5.0 (Macintosh; Intel Mac OS X 10.7; rv:15.0) Gecko/20100101 Firefox/15.0"
151.179.63.43 - - [31/Aug/2012:21:13:49 -0400] "GET /files/test.jpg" 200 1347 "http://my-website/files/test.jpg" "Mozilla/5.0 (X11; Linux i686) AppleWebKit/536.11 (KHTML, like Gecko) Chrome/20.0.1132.57 Safari/536.11"
5.218.54.166 - - [31/Aug/2012:21:13:50 -0400] "GET /files/test.jpg" 200 2461 "http://my-website/files/test.jpg" "Mozilla/5.0 (X11; Linux i686) AppleWebKit/536.11 (KHTML, like Gecko) Chrome/20.0.1132.57 Safari/536.11"
147.25.5.199 - - [31/Aug/2012:21:13:53 -0400] "GET /files/test.jpg" 200 3641 "http://my-website/files/test.jpg" "Mozilla/5.0 (X11; Linux i686) AppleWebKit/536.11 (KHTML, like Gecko) Chrome/20.0.1132.57 Safari/536.11"
251.31.210.148 - - [31/Aug/2012:21:13:54 -0400] "GET /files/test.jpg" 200 2649 "http://my-website/files/test.jpg" "Mozilla/5.0 (Macintosh; Intel Mac OS X 10.7; rv:15.0) Gecko/20100101 Firefox/15.0"
139.221.224.230 - - [31/Aug/2012:21:13:57 -0400] "GET /files/test.jpg" 200 1329 "http://my-website/files/test.jpg" "Mozilla/5.0 (X11; Linux i686) AppleWebKit/536.11 (KHTML, like Gecko) Chrome/20.0.1132.57 Safari/536.11"
192.46.23.252 - - [31/Aug/2012:21:13:59 -0400] "GET /files/test.jpg" 200 1828 "http://my-website/files/test.jpg" "Mozilla/5.0 (Macintosh; Intel Mac OS X 10.7; rv:15.0) Gecko/20100101 Firefox/15.0"
102.80.152.91 - - [31/Aug/2012:21:14:04 -0400] "GET /files/test.jpg" 200 3780 "http://my-website/files/test.jpg" "Mozilla/5.0 (X11; Linux i686) AppleWebKit/536.11 (KHTML, like Gecko) Chrome/20.0.1132.57 Safari/536.11"
226.215.3.151 - - [31/Aug/2012:21:14:05 -0400] "GET /files/test.jpg" 200 2465 "http://my-website/files/test.jpg" "Mozilla/5.0 (X11; Linux i686) AppleWebKit/536.11 (KHTML, like Gecko) Chrome/20.0.1132.57 Safari/536.11"
92.9.209.134 - - [31/Aug/2012:21:14:06 -0400] "GET /files/test.jpg" 200 1826 "http://my-website/files/test.jpg" "Mozilla/5.0 (X11; Linux i686) AppleWebKit/536.11 (KHTML, like Gecko) Chrome/20.0.1132.57 Safari/536.11"
79.96.38.224 - - [31/Aug/2012:21:14:06 -0400] "GET /files/test.jpg" 200 2522 "http://my-website/files/test.jpg" "Mozilla/5.0 (X11; Linux i686) AppleWebKit/536.11 (KHTML, like Gecko) Chrome/20.0.1132.57 Safari/536.11"
118.139.193.35 - - [31/Aug/2012:21:14:06 -0400] "GET /files/test.jpg" 200 752 "http://my-website/files/test.jpg" "Mozilla/5.0 (X11; Linux i686) AppleWebKit/536.11 (KHTML, like Gecko) Chrome/20.0.1132.57 Safari/536.11"
176.97.34.170 - - [31/Aug/2012:21:14:08 -0400] "GET /files/test.jpg" 200 649 "http://my-website/files/test.jpg" "Mozilla/5.0 (X11; Linux i686) AppleWebKit/536.11 (KHTML, like Gecko) Chrome/20.0.1132.57 Safari/536.11"
221.141.119.33 - - [31/Aug/2012:21:14:10 -0400] "GET /files/test.jpg" 200 1804 "http://my-website/files/test.jpg" "Mozilla/5.0 (X11; Linux i686) AppleWebKit/536.11 (KHTML, like Gecko) Chrome/20.0.1132.57 Safari/536.11"
219.32.209.234 - - [31/Aug/2012:21:14:13 -0400] "GET /files/test.jpg" 200 1547 "http://my-website/files/test.jpg" "Mozilla/5.0 (X11; Linux i686) AppleWebKit/536.11 (KHTML, like Gecko) Chrome/20.0.1132.57 Safari/536.11"
82.182.82.137 - - [31/Aug/2012:21:14:16 -0400] "GET /files/test.jpg" 200 638 "http://my-website/files/test.jpg" "Mozilla/5.0 (X11; Linux i686) AppleWebKit/536.11 (KHTML, like Gecko) Chrome/20.0.1132.57 Safari/536.11"
80.180.234.235 - - [31/Aug/2012:21:14:16 -0400] "GET /files/test.jpg" 200 1828 "http://my-website/files/test.jpg" "Mozilla/5.0 (Macintosh; Intel Mac OS X 10.7; rv:15.0) Gecko/20100101 Firefox/15.0"
6.2.124.117 - - [31/Aug/2012:21:14:20 -0400] "GET /files/test.jpg" 200 2544 "http://my-website/files/test.jpg" "Mozilla/5.0 (X11; Linux i686) AppleWebKit/536.11 (KHTML, like Gecko) Chrome/20.0.1132.57 Safari/536.11"
190.70.134.91 - - [31/Aug/2012:21:14:21 -0400] "GET /files/test.jpg" 200 3812 "http://my-website/files/test.jpg" "Mozilla/5.0 (X11; Linux i686) AppleWebKit/536.11 (KHTML, like Gecko) Chrome/20.0.1132.57 Safari/536.11"
0.152.110.226 - - [31/Aug/2012:21:14:25 -0400] "GET /files/test.jpg" 200 2061 "http://my-website/files/test.jpg" "Mozilla/5.0 (Macintosh; Intel Mac OS X 10.7; rv:15.0) Gecko/20100101 Firefox/15.0"
177.140.108.149 - - [31/Aug/2012:21:14:25 -0400] "GET /files/test.jpg" 200 2156 "http://my-website/files/test.jpg" "Mozilla/5.0 (Macintosh; Intel Mac OS X 10.7; rv:15.0) Gecko/20100101 Firefox/15.0"
235.143.96.126 - - [31/Aug/2012:21:14:29 -0400] "GET /files/test.jpg" 200 2777 "http://my-website/files/test.jpg" "Mozilla/5.0 (X11; Linux i686) AppleWebKit/536.11 (KHTML, like Gecko) Chrome/20.0.1132.57 Safari/536.11"
221.4.66.9 - - [31/Aug/2012:21:14:31 -0400] "GET /files/test.jpg" 200 78 "http://my-website/files/test.jpg" "Mozilla/5.0 (X11; Linux i686) AppleWebKit/536.11 (KHTML, like Gecko) Chrome/20.0.1132.57 Safari/536.11"
182.231.113.109 - - [31/Aug/2012:21:14:36 -0400] "GET /files/test.jpg" 200 1609 "http://my-website/files/test.jpg" "Mozilla/5.0 (X11; Linux i686) AppleWebKit/536.11 (KHTML, like Gecko) Chrome/20.0.1132.57 Safari/536.11"
153.90.223.167 - - [31/Aug/2012:21:14:37 -0400] "GET /files/test.jpg" 200 2130 "http://my-website/files/test.jpg" "Mozilla/5.0 (X11; Linux i686) AppleWebKit/536.11 (KHTML, like Gecko) Chrome/20.0.1132.57 Safari/536.11"
188.200.240.145 - - [31/Aug/2012:21:14:42 -0400] "GET /files/test.jpg" 200 2815 "http://my-website/files/test.jpg" "Mozilla/5.0 (X11; Linux i686) AppleWebKit/536.11 (KHTML, like Gecko) Chrome/20.0.1132.57 Safari/536.11"
8.229.229.3 - - [31/Aug/2012:21:14:42 -0400] "GET /files/test.jpg" 200 3117 "http://my-website/files/test.jpg" "Mozilla/5.0 (X11; Linux i686) AppleWebKit/536.11 (KHTML, like Gecko) Chrome/20.0.1132.57 Safari/536.11"
158.54.186.3 - - [31/Aug/2012:21:14:43 -0400] "GET /files/test.jpg" 200 222 "http://my-website/files/test.jpg" "Mozilla/5.0 (X11; Linux i686) AppleWebKit/536.11 (KHTML, like Gecko) Chrome/20.0.1132.57 Safari/536.11"
46.112.170.250 - - [31/Aug/2012:21:14:44 -0400] "GET /files/test.jpg" 200 3687 "http://my-website/files/test.jpg" "Mozilla/5.0 (X11; Linux i686) AppleWebKit/536.11 (KHTML, like Gecko) Chrome/20.0.1132.57 Safari/536.11"
195.60.207.232 - - [31/Aug/2012:21:14:46 -0400] "GET /files/test.jpg" 200 3862 "http://my-website/files/test.jpg" "Mozilla/5.0 (X11; Linux i686) AppleWebKit/536.11 (KHTML, like Gecko) Chrome/20.0.1132.57 Safari/536.11"
228.250.13.207 - - [31/Aug/2012:21:14:48 -0400] "GET /files/test.jpg" 200 488 "http://my-website/files/test.jpg" "Mozilla/5.0 (X11; Linux i686) AppleWebKit/536.11 (KHTML, like Gecko) Chrome/20.0.1132.57 Safari/536.11"
168.7.200.136 - - [31/Aug/2012:21:14:51 -0400] "GET /files/test.jpg" 200 1215 "http://my-website/files/test.jpg" "Mozilla/5.0 (Macintosh; Intel Mac OS X 10.7; rv:15.0) Gecko/20100101 Firefox/15.0"
249.202.82.191 - - [31/Aug/2012:21:14:54 -0400] "GET /files/test.jpg" 200 2518 "http://my-website/files/test.jpg" "Mozilla/5.0 (X11; Linux i686) AppleWebKit/536.11 (KHTML, like Gecko) Chrome/20.0.1132.57 Safari/536.11"
176.63.116.200 - - [31/Aug/2012:21:14:54 -0400] "GET /files/test.jpg" 200 1669 "http://my-website/files/test.jpg" "Mozilla/5.0 (X11; Linux i686) AppleWebKit/536.11 (KHTML, like Gecko) Chrome/20.0.1132.57 Safari/536.11"
67.172.119.143 - - [31/Aug/2012:21:14:59 -0400] "GET /files/test.jpg" 200 3361 "http://my-website/files/test.jpg" "Mozilla/5.0 (X11; Linux i686) AppleWebKit/536.11 (KHTML, like Gecko) Chrome/20.0.1132.57 Safari/536.11"
236.186.30.103 - - [31/Aug/2012:21:15:02 -0400] "GET /files/test.jpg" 200 3615 "http://my-website/files/test.jpg" "Mozilla/5.0 (X11; Linux i686) AppleWebKit/536.11 (KHTML, like Gecko) Chrome/20.0.1132.57 Safari/536.11"
85.36.160.221 - - [31/Aug/2012:21:15:03 -0400] "GET /files/test.jpg" 200 3513 "http://my-website/files/test.jpg" "Mozilla/5.0 (Macintosh; Intel Mac OS X 10.7; rv:15.0) Gecko/20100101 Firefox/15.0"
180.166.116.174 - - [31/Aug/2012:21:15:03 -0400] "GET /files/test.jpg" 200 2715 "http://my-website/files/test.jpg" "Mozilla/5.0 (X11; Linux i686) AppleWebKit/536.11 (KHTML, like Gecko) Chrome/20.0.1132.57 Safari/536.11"
232.17.57.120 - - [31/Aug/2012:21:15:05 -0400] "GET /files/test.jpg" 200 3816 "http://my-website/files/test.jpg" "Mozilla/5.0 (X11; Linux i686) AppleWebKit/536.11 (KHTML, like Gecko) Chrome/20.0.1132.57 Safari/536.11"
48.25.212.152 - - [31/Aug/2012:21:15:10 -0400] "GET /files/test.jpg" 200 3472 "http://my-website/files/test.jpg" "Mozilla/5.0 (X11; Linux i686) AppleWebKit/536.11 (KHTML, like Gecko) Chrome/20.0.1132.57 Safari/536.11"
100.76.75.187 - - [31/Aug/2012:21:15:14 -0400] "GET /files/test.jpg" 200 263 "http://my-website/files/test.jpg" "Mozilla/5.0 (X11; Linux i686) AppleWebKit/536.11 (KHTML, like Gecko) Chrome/20.0.1132.57 Safari/536.11"
43.110.230.43 - - [31/Aug/2012:21:15:16 -0400] "GET /files/test.jpg" 200 72 "http://my-website/files/test.jpg" "Mozilla/5.0 (X11; Linux i686) AppleWebKit/536.11 (KHTML, like Gecko) Chrome/20.0.1132.57 Safari/536.11"
34.195.64.101 - - [31/Aug/2012:21:15:19 -0400] "GET /files/test.jpg" 200 2028 "http://my-website/files/test.jpg" "Mozilla/5.0 (X11; Linux i686) AppleWebKit/536.11 (KHTML, like Gecko) Chrome/20.0.1132.57 Safari/536.11"
112.161.240.11 - - [31/Aug/2012:21:15:21 -0400] "GET /files/test.jpg" 200 827 "http://my-website/files/test.jpg" "Mozilla/5.0 (X11; Linux i686) AppleWebKit/536.11 (KHTML, like Gecko) Chrome/20.0.1132.57 Safari/536.11"
38.206.194.90 - - [31/Aug/2012:21:15:24 -0400] "GET /files/test.jpg" 200 535 "http://my-website/files/test.jpg" "Mozilla/5.0 (X11; Linux i686) AppleWebKit/536.11 (KHTML, like Gecko) Chrome/20.0.1132.57 Safari/536.11"
210.139.50.93 - - [31/Aug/2012:21:15:27 -0400] "GET /files/test.jpg" 200 3141 "http://my-website/files/test.jpg" "Mozilla/5.0 (X11; Linux i686) AppleWebKit/536.11 (KHTML, like Gecko) Chrome/20.0.1132.57 Safari/536.11"